Archive member included because of file (symbol)

C:\Users\rohir\OneDrive\Documents\m66_tracpod\m66_tracpod\firmware\libs\gcc\libapp_start.a(fileSys.o)
                              ./custom/fota/src/fota_ftp.o (Ql_FS_Open)
C:\Users\rohir\OneDrive\Documents\m66_tracpod\m66_tracpod\firmware\libs\gcc\libapp_start.a(fota.o)
                              ./custom/fota/src/fota_main.o (Ql_FOTA_Init)
C:\Users\rohir\OneDrive\Documents\m66_tracpod\m66_tracpod\firmware\libs\gcc\libapp_start.a(gprs.o)
                              ./custom/fota/src/fota_main.o (Ql_GPRS_GetPDPContextId)
C:\Users\rohir\OneDrive\Documents\m66_tracpod\m66_tracpod\firmware\libs\gcc\libapp_start.a(iic.o)
                              ./example/nema_pro.o (Ql_IIC_Write)
C:\Users\rohir\OneDrive\Documents\m66_tracpod\m66_tracpod\firmware\libs\gcc\libapp_start.a(lib_ril_sms.o)
                              ./ril/src/ril_sms.o (LIB_SMS_IsValidHexStr)
C:\Users\rohir\OneDrive\Documents\m66_tracpod\m66_tracpod\firmware\libs\gcc\libapp_start.a(memory.o)
                              ./ril/src/ril_bluetooth.o (Ql_MEM_Alloc)
C:\Users\rohir\OneDrive\Documents\m66_tracpod\m66_tracpod\firmware\libs\gcc\libapp_start.a(ql_func.o)
                              C:\Users\rohir\OneDrive\Documents\m66_tracpod\m66_tracpod\firmware\libs\gcc\libapp_start.a(memory.o) (api_notsup)
C:\Users\rohir\OneDrive\Documents\m66_tracpod\m66_tracpod\firmware\libs\gcc\libapp_start.a(ql_main.o)
                              ./ril/src/ril_bluetooth.o (Ql_Debug_Trace)
C:\Users\rohir\OneDrive\Documents\m66_tracpod\m66_tracpod\firmware\libs\gcc\libapp_start.a(ril_aux.o)
                              ./custom/config/sys_config.o (proc_reserved2)
C:\Users\rohir\OneDrive\Documents\m66_tracpod\m66_tracpod\firmware\libs\gcc\libapp_start.a(ril_main.o)
                              ./custom/config/sys_config.o (proc_reserved1)
C:\Users\rohir\OneDrive\Documents\m66_tracpod\m66_tracpod\firmware\libs\gcc\libapp_start.a(stdlib_func.o)
                              ./ril/src/ril_dtmf.o (Ql_atof)
C:\Users\rohir\OneDrive\Documents\m66_tracpod\m66_tracpod\firmware\libs\gcc\libapp_start.a(system.o)
                              ./ril/src/ril_ftp.o (Ql_Sleep)
C:\Users\rohir\OneDrive\Documents\m66_tracpod\m66_tracpod\firmware\libs\gcc\libapp_start.a(taskMngt.o)
                              ./custom/main.o (Ql_OS_GetMessage)
C:\Users\rohir\OneDrive\Documents\m66_tracpod\m66_tracpod\firmware\libs\gcc\libapp_start.a(timer.o)
                              C:\Users\rohir\OneDrive\Documents\m66_tracpod\m66_tracpod\firmware\libs\gcc\libapp_start.a(ril_main.o) (Ql_Timer_Register)
C:\Users\rohir\OneDrive\Documents\m66_tracpod\m66_tracpod\firmware\libs\gcc\libapp_start.a(uart.o)
                              ./custom/main.o (Ql_UART_Register)
C:\Users\rohir\OneDrive\Documents\m66_tracpod\m66_tracpod\firmware\libs\gcc\libapp_start.a(ocpu_init.o)
                              C:\Users\rohir\OneDrive\Documents\m66_tracpod\m66_tracpod\firmware\libs\gcc\libapp_start.a(ql_main.o) (_OCPU_InitUserMem)
C:\Users\rohir\OneDrive\Documents\m66_tracpod\gcc\arm-none-eabi\lib\thumb\libc.a(lib_a-memcpy.o)
                              C:\Users\rohir\OneDrive\Documents\m66_tracpod\m66_tracpod\firmware\libs\gcc\libapp_start.a(stdlib_func.o) (memcpy)
C:\Users\rohir\OneDrive\Documents\m66_tracpod\gcc\arm-none-eabi\lib\thumb\libc.a(lib_a-memset.o)
                              ./ril/src/ril_alarm.o (memset)
C:\Users\rohir\OneDrive\Documents\m66_tracpod\gcc\lib\gcc\arm-none-eabi\4.7.2\thumb\libgcc.a(_udivsi3.o)
                              C:\Users\rohir\OneDrive\Documents\m66_tracpod\m66_tracpod\firmware\libs\gcc\libapp_start.a(lib_ril_sms.o) (__aeabi_uidiv)
C:\Users\rohir\OneDrive\Documents\m66_tracpod\gcc\lib\gcc\arm-none-eabi\4.7.2\thumb\libgcc.a(_divsi3.o)
                              C:\Users\rohir\OneDrive\Documents\m66_tracpod\m66_tracpod\firmware\libs\gcc\libapp_start.a(lib_ril_sms.o) (__aeabi_idiv)
C:\Users\rohir\OneDrive\Documents\m66_tracpod\gcc\lib\gcc\arm-none-eabi\4.7.2\thumb\libgcc.a(_dvmd_tls.o)
                              C:\Users\rohir\OneDrive\Documents\m66_tracpod\gcc\lib\gcc\arm-none-eabi\4.7.2\thumb\libgcc.a(_udivsi3.o) (__aeabi_idiv0)
C:\Users\rohir\OneDrive\Documents\m66_tracpod\gcc\lib\gcc\arm-none-eabi\4.7.2\thumb\libgcc.a(_arm_fixdfsi.o)
                              ./ril/src/ril_dtmf.o (__aeabi_d2iz)
C:\Users\rohir\OneDrive\Documents\m66_tracpod\gcc\lib\gcc\arm-none-eabi\4.7.2\thumb\libgcc.a(_arm_truncdfsf2.o)
                              ./ril/src/ril_location.o (__aeabi_d2f)

Allocating common symbols
Common symbol       size              file

Ql_snprintf         0x4               C:\Users\rohir\OneDrive\Documents\m66_tracpod\m66_tracpod\firmware\libs\gcc\libapp_start.a(ql_main.o)
Ql_sprintf          0x4               C:\Users\rohir\OneDrive\Documents\m66_tracpod\m66_tracpod\firmware\libs\gcc\libapp_start.a(ql_main.o)
[...]
Memory Configuration

Name             Origin             Length             Attributes
ROM              0x102c7040         0x0005a000         xr
RAM              0xf03d2000         0x00019000         xrw
*default*        0x00000000         0xffffffff

Linker script and memory map

LOAD ./ril/src/ril_alarm.o
LOAD ./ril/src/ril_atResponse.o
LOAD ./ril/src/ril_audio.o
LOAD ./ril/src/ril_bluetooth.o
LOAD ./ril/src/ril_custom.o
LOAD ./ril/src/ril_dtmf.o
LOAD ./ril/src/ril_ftp.o
LOAD ./ril/src/ril_http.o
LOAD ./ril/src/ril_init.o
LOAD ./ril/src/ril_location.o
LOAD ./ril/src/ril_location2.o
LOAD ./ril/src/ril_network.o
LOAD ./ril/src/ril_ntp.o
LOAD ./ril/src/ril_sim.o
LOAD ./ril/src/ril_sms.o
LOAD ./ril/src/ril_system.o
LOAD ./ril/src/ril_telephony.o
LOAD ./ril/src/ril_urc.o
LOAD ./ril/src/ril_util.o
LOAD ./example/Example_gps_iic.o
LOAD ./example/example_adc.o
LOAD ./example/example_alarm.o
LOAD ./example/example_audio.o
LOAD ./example/example_bluetooth.o
LOAD ./example/example_call.o
LOAD ./example/example_clk.o
LOAD ./example/example_csd.o
LOAD ./example/example_download_epo.o
LOAD ./example/example_dtmf.o
LOAD ./example/example_eint.o
LOAD ./example/example_file.o
LOAD ./example/example_float_math.o
LOAD ./example/example_fota_ftp.o
LOAD ./example/example_fota_http.o
LOAD ./example/example_ftp.o
LOAD ./example/example_gpio.o
LOAD ./example/example_http.o
LOAD ./example/example_iic.o
LOAD ./example/example_location.o
LOAD ./example/example_location2.o
LOAD ./example/example_memory.o
LOAD ./example/example_multitask.o
LOAD ./example/example_multitask_port.o
LOAD ./example/example_pwm.o
LOAD ./example/example_sms.o
LOAD ./example/example_spi.o
LOAD ./example/example_system.o
LOAD ./example/example_tcp_demo.o
LOAD ./example/example_tcpclient.o
LOAD ./example/example_tcpserver.o
LOAD ./example/example_time.o
LOAD ./example/example_timer.o
LOAD ./example/example_transpass.o
LOAD ./example/example_udpclient.o
LOAD ./example/example_udpserver.o
LOAD ./example/example_watchdog.o
LOAD ./example/nema_pro.o
LOAD ./example/utility.o
LOAD ./custom/fota/src/fota_ftp.o
LOAD ./custom/fota/src/fota_http.o
LOAD ./custom/fota/src/fota_http_code.o
LOAD ./custom/fota/src/fota_main.o
LOAD ./custom/config/custom_sys_cfg.o
LOAD ./custom/config/sys_config.o
LOAD ./custom/main.o
LOAD ./.metadata/.plugins/org.eclipse.cdt.make.core/specs.o
LOAD C:\Users\rohir\OneDrive\Documents\m66_tracpod\m66_tracpod\firmware\libs\gcc\libapp_start.a
LOAD C:\Users\rohir\OneDrive\Documents\m66_tracpod\gcc\arm-none-eabi\lib\thumb\libm.a
LOAD C:\Users\rohir\OneDrive\Documents\m66_tracpod\gcc\arm-none-eabi\lib\thumb\libc.a
LOAD C:\Users\rohir\OneDrive\Documents\m66_tracpod\gcc\arm-none-eabi\lib\thumb\libcs3.a
LOAD C:\Users\rohir\OneDrive\Documents\m66_tracpod\gcc\lib\gcc\arm-none-eabi\4.7.2\thumb\libgcc.a
START GROUP
LOAD C:\Users\rohir\OneDrive\Documents\m66_tracpod\gcc\lib\gcc\arm-none-eabi\4.7.2\thumb\libgcc.a
LOAD C:\Users\rohir\OneDrive\Documents\m66_tracpod\gcc\arm-none-eabi\lib\thumb\libc.a
END GROUP
                0x102c7040                . = 0x102c7040

.initdata       0x102c7040       0x2c
 *(.initdata)
 .initdata      0x102c7040       0x2c C:\Users\rohir\OneDrive\Documents\m66_tracpod\m66_tracpod\firmware\libs\gcc\libapp_start.a(ql_main.o)
                0x102c7040                GADLENTRY

text            0x102c706c     0x5a24
 *(.text)
 .text          0x102c706c       0xfc ./ril/src/ril_atResponse.o
                0x102c706c                Ql_RIL_AT_GetErrCode
                0x102c707c                Ql_RIL_AT_SetErrCode
                0x102c7090                Default_atRsp_callback
 .text          0x102c7168     0x2e8c ./ril/src/ril_bluetooth.o
                0x102c7c94                BT_DevMngmt_GetDeviceId
                0x102c7ccc                BT_DevMngmt_GetPairedId
                0x102c7d04                BT_DevMngmt_GetConnId
                0x102c7d3c                BT_DevMngmt_GetProfileId
                0x102c7d74                BT_DevMngmt_GetDevName
                0x102c7dac                BT_DevMngmt_GetDevAddr
                0x102c7de4                RIL_BT_Switch
                0x102c7e6c                RIL_BT_GetPwrState
                0x102c7edc                RIL_BT_SetName
                0x102c7f78                RIL_BT_GetName
                0x102c80b4                RIL_BT_GetLocalAddr
                0x102c81ac                RIL_BT_SetVisble
                0x102c8260                OnURCHandler_BTVisible
                0x102c8354                RIL_BT_GetVisble
                0x102c83c8                OnURCHandler_BTScan
                0x102c867c                RIL_BT_GetDevListInfo
                0x102c86f4                RIL_BT_GetDevListPointer
                0x102c8700                RIL_BT_StopScan
                0x102c8758                RIL_BT_QueryState
                0x102c87bc                RIL_BT_StartScan
                0x102c887c                RIL_BT_Initialize
                0x102c88b0                RIL_BT_PairReq
                0x102c8948                OnURCHandler_BTPair
                0x102c8b54                RIL_BT_PairConfirm
                0x102c8c08                OnURCHandler_BTPairCnf
                0x102c8e34                RIL_BT_Unpair
                0x102c8f60                RIL_BT_GetSupportedProfile
                0x102c908c                RIL_BT_ConnReq
                0x102c9144                OnURCHandler_BTConn
                0x102c93bc                RIL_BT_SPP_DirectConn
                0x102c9444                RIL_BT_ConnAccept
                0x102c94cc                OnURCHandler_BTConnCnf
                0x102c9800                RIL_BT_Disconnect
                0x102c98a0                OnURCHandler_BTDisconn
                0x102c9aac                RIL_BT_SPP_Send
                0x102c9b78                RIL_BT_SPP_Read
                0x102c9c48                OnURCHandler_BTIndication
 .text          0x102c9ff4       0x20 ./ril/src/ril_custom.o
                0x102c9ff4                Ql_RIL_RcvDataFrmCore
 .text          0x102ca014      0x5b8 ./ril/src/ril_dtmf.o
                0x102ca110                RIL_ToneDet_Open
                0x102ca194                RIL_ToneDet_Close
                0x102ca20c                RIL_ToneDet_Set
                0x102ca2b8                RIL_ToneDet_Get
                0x102ca378                OnURCHandler_QToneDet
                0x102ca46c                RIL_WDTMF_Send
                0x102ca528                OnURCHandler_QWDTMF
 .text          0x102ca5cc       0x10 ./ril/src/ril_init.o
                0x102ca5cc                RIL_GetInitCmdCnt
                0x102ca5d4                RIL_GetLimitedCmdCnt
 .text          0x102ca5dc      0x534 ./ril/src/ril_location.o
                0x102ca70c                RIL_GetLocation
                0x102ca7e0                RIL_GetLocation_Ex
                0x102ca8c8                RIL_GetLocationByCell
                0x102ca9b8                OnURCHandler_QCELLLocation
 .text          0x102cab10      0x10c ./ril/src/ril_ntp.o
                0x102cab10                OnURCHandler_NTPCMD
                0x102cab7c                RIL_NTP_START
 .text          0x102cac1c      0x5a4 ./ril/src/ril_sim.o
                0x102cad7c                RIL_SIM_GetSimStateByName
                0x102cb064                RIL_SIM_GetSimState
                0x102cb0d8                RIL_SIM_GetIMSI
                0x102cb14c                RIL_SIM_GetCCID
 .text          0x102cb1c0      0xbe0 ./ril/src/ril_urc.o
                0x102cbc50                OnURCHandler
                0x102cbd20                Ql_RIL_IsURCStr
 .text          0x102cbda0      0x4a0 ./ril/src/ril_util.o
                0x102cbda0                Ql_StrPrefixMatch
                0x102cbdf0                Ql_StrToUpper
                0x102cbe4c                Ql_HexStrToInt
                0x102cbee0                Ql_RIL_FindString
                0x102cbf6c                Ql_RIL_FindLine
                0x102cc1ec                Ql_GenHash
 .text          0x102cc240      0x560 ./custom/main.o
                0x102cc48c                proc_main_task
 .text          0x102cc7a0       0x4c C:\Users\rohir\OneDrive\Documents\m66_tracpod\m66_tracpod\firmware\libs\gcc\libapp_start.a(ocpu_init.o)
                0x102cc7a0                _OCPU_InitUserMem
 .text          0x102cc7ec      0x10c C:\Users\rohir\OneDrive\Documents\m66_tracpod\gcc\arm-none-eabi\lib\thumb\libc.a(lib_a-memcpy.o)
                0x102cc7ec                memcpy
 .text          0x102cc8f8       0x9c C:\Users\rohir\OneDrive\Documents\m66_tracpod\gcc\arm-none-eabi\lib\thumb\libc.a(lib_a-memset.o)
                0x102cc8f8                memset
 .text          0x102cc994       0x5c C:\Users\rohir\OneDrive\Documents\m66_tracpod\gcc\lib\gcc\arm-none-eabi\4.7.2\thumb\libgcc.a(_arm_fixdfsi.o)
                0x102cc994                __aeabi_d2iz
                0x102cc994                __fixdfsi
 .text          0x102cc9f0       0xa0 C:\Users\rohir\OneDrive\Documents\m66_tracpod\gcc\lib\gcc\arm-none-eabi\4.7.2\thumb\libgcc.a(_arm_truncdfsf2.o)
                0x102cc9f0                __truncdfsf2
                0x102cc9f0                __aeabi_d2f

.glue_7         0x102cca90        0x0
 .glue_7        0x00000000        0x0 linker stubs

.glue_7t        0x102cca90        0x0
 .glue_7t       0x00000000        0x0 linker stubs

.vfp11_veneer   0x102cca90        0x0
 .vfp11_veneer  0x00000000        0x0 linker stubs

.v4_bx          0x102cca90        0x0
 .v4_bx         0x00000000        0x0 linker stubs

.iplt           0x102cca90        0x0
 .iplt          0x00000000        0x0 ./ril/src/ril_alarm.o

.text.Ql_MEM_Alloc
                0x102cca90       0x78
 .text.Ql_MEM_Alloc
                0x102cca90       0x78 C:\Users\rohir\OneDrive\Documents\m66_tracpod\m66_tracpod\firmware\libs\gcc\libapp_start.a(memory.o)
                0x102cca90                Ql_MEM_Alloc

.text.Ql_MEM_Free
                0x102ccb08       0x74
 .text.Ql_MEM_Free
                0x102ccb08       0x74 C:\Users\rohir\OneDrive\Documents\m66_tracpod\m66_tracpod\firmware\libs\gcc\libapp_start.a(memory.o)
                0x102ccb08                Ql_MEM_Free

.text.ql_InitVFunc
                0x102ccb7c       0xd8
 .text.ql_InitVFunc
                0x102ccb7c       0xd8 C:\Users\rohir\OneDrive\Documents\m66_tracpod\m66_tracpod\firmware\libs\gcc\libapp_start.a(ql_main.o)
                0x102ccb7c                ql_InitVFunc

.text.ocpu_main
                0x102ccc54       0xf0
 .text.ocpu_main
                0x102ccc54       0xf0 C:\Users\rohir\OneDrive\Documents\m66_tracpod\m66_tracpod\firmware\libs\gcc\libapp_start.a(ql_main.o)
                0x102ccc54                ocpu_main

.text.proc_reserved2
                0x102ccd44       0x70
 .text.proc_reserved2
                0x102ccd44       0x70 C:\Users\rohir\OneDrive\Documents\m66_tracpod\m66_tracpod\firmware\libs\gcc\libapp_start.a(ril_aux.o)
                0x102ccd44                proc_reserved2

.text.ril_StopATTimer
                0x102ccdb4       0x34
 .text.ril_StopATTimer
                0x102ccdb4       0x34 C:\Users\rohir\OneDrive\Documents\m66_tracpod\m66_tracpod\firmware\libs\gcc\libapp_start.a(ril_main.o)

.text.Callback_OnATTimer
                0x102ccde8       0x4c
 .text.Callback_OnATTimer
                0x102ccde8       0x4c C:\Users\rohir\OneDrive\Documents\m66_tracpod\m66_tracpod\firmware\libs\gcc\libapp_start.a(ril_main.o)

.text.CallBack_SerialPort_Hdlr
                0x102cce34      0x384
 .text.CallBack_SerialPort_Hdlr
                0x102cce34      0x384 C:\Users\rohir\OneDrive\Documents\m66_tracpod\m66_tracpod\firmware\libs\gcc\libapp_start.a(ril_main.o)

.text.proc_reserved1
                0x102cd1b8      0x200
 .text.proc_reserved1
                0x102cd1b8      0x200 C:\Users\rohir\OneDrive\Documents\m66_tracpod\m66_tracpod\firmware\libs\gcc\libapp_start.a(ril_main.o)
                0x102cd1b8                proc_reserved1

.text.Ql_RIL_Initialize
                0x102cd3b8       0xd4
 .text.Ql_RIL_Initialize
                0x102cd3b8       0xd4 C:\Users\rohir\OneDrive\Documents\m66_tracpod\m66_tracpod\firmware\libs\gcc\libapp_start.a(ril_main.o)
                0x102cd3b8                Ql_RIL_Initialize

.text.Ql_RIL_SendATCmd
                0x102cd48c      0x260
 .text.Ql_RIL_SendATCmd
                0x102cd48c      0x260 C:\Users\rohir\OneDrive\Documents\m66_tracpod\m66_tracpod\firmware\libs\gcc\libapp_start.a(ril_main.o)
                0x102cd48c                Ql_RIL_SendATCmd

.text.Ql_RIL_WriteDataToCore
                0x102cd6ec       0x24
 .text.Ql_RIL_WriteDataToCore
                0x102cd6ec       0x24 C:\Users\rohir\OneDrive\Documents\m66_tracpod\m66_tracpod\firmware\libs\gcc\libapp_start.a(ril_main.o)
                0x102cd6ec                Ql_RIL_WriteDataToCore

.text.Ql_atof   0x102cd710       0x98
 .text.Ql_atof  0x102cd710       0x98 C:\Users\rohir\OneDrive\Documents\m66_tracpod\m66_tracpod\firmware\libs\gcc\libapp_start.a(stdlib_func.o)
                0x102cd710                Ql_atof

.text.Ql_strcpy
                0x102cd7a8       0xa0
 .text.Ql_strcpy
                0x102cd7a8       0xa0 C:\Users\rohir\OneDrive\Documents\m66_tracpod\m66_tracpod\firmware\libs\gcc\libapp_start.a(stdlib_func.o)
                0x102cd7a8                Ql_strcpy

.text.Ql_strncpy
                0x102cd848       0x88
 .text.Ql_strncpy
                0x102cd848       0x88 C:\Users\rohir\OneDrive\Documents\m66_tracpod\m66_tracpod\firmware\libs\gcc\libapp_start.a(stdlib_func.o)
                0x102cd848                Ql_strncpy

.text.Ql_strlen
                0x102cd8d0       0x78
 .text.Ql_strlen
                0x102cd8d0       0x78 C:\Users\rohir\OneDrive\Documents\m66_tracpod\m66_tracpod\firmware\libs\gcc\libapp_start.a(stdlib_func.o)
                0x102cd8d0                Ql_strlen

.text.Ql_strcmp
                0x102cd948       0x68
 .text.Ql_strcmp
                0x102cd948       0x68 C:\Users\rohir\OneDrive\Documents\m66_tracpod\m66_tracpod\firmware\libs\gcc\libapp_start.a(stdlib_func.o)
                0x102cd948                Ql_strcmp

.text.Ql_strncmp
                0x102cd9b0       0x70
 .text.Ql_strncmp
                0x102cd9b0       0x70 C:\Users\rohir\OneDrive\Documents\m66_tracpod\m66_tracpod\firmware\libs\gcc\libapp_start.a(stdlib_func.o)
                0x102cd9b0                Ql_strncmp

.text.Ql_memset
                0x102cda20       0x88
 .text.Ql_memset
                0x102cda20       0x88 C:\Users\rohir\OneDrive\Documents\m66_tracpod\m66_tracpod\firmware\libs\gcc\libapp_start.a(stdlib_func.o)
                0x102cda20                Ql_memset

.text.Ql_memcpy
                0x102cdaa8       0x88
 .text.Ql_memcpy
                0x102cdaa8       0x88 C:\Users\rohir\OneDrive\Documents\m66_tracpod\m66_tracpod\firmware\libs\gcc\libapp_start.a(stdlib_func.o)
                0x102cdaa8                Ql_memcpy

.text.Ql_strstr
                0x102cdb30       0x80
 .text.Ql_strstr
                0x102cdb30       0x80 C:\Users\rohir\OneDrive\Documents\m66_tracpod\m66_tracpod\firmware\libs\gcc\libapp_start.a(stdlib_func.o)
                0x102cdb30                Ql_strstr

.text.Ql_toupper
                0x102cdbb0        0x8
 .text.Ql_toupper
                0x102cdbb0        0x8 C:\Users\rohir\OneDrive\Documents\m66_tracpod\m66_tracpod\firmware\libs\gcc\libapp_start.a(stdlib_func.o)
                0x102cdbb0                Ql_toupper

.text.Ql_atoi   0x102cdbb8       0x84
 .text.Ql_atoi  0x102cdbb8       0x84 C:\Users\rohir\OneDrive\Documents\m66_tracpod\m66_tracpod\firmware\libs\gcc\libapp_start.a(stdlib_func.o)
                0x102cdbb8                Ql_atoi

.text.Ql_GetSDKVer
                0x102cdc3c       0x64
 .text.Ql_GetSDKVer
                0x102cdc3c       0x64 C:\Users\rohir\OneDrive\Documents\m66_tracpod\m66_tracpod\firmware\libs\gcc\libapp_start.a(system.o)
                0x102cdc3c                Ql_GetSDKVer

.text.Ql_OS_GetMessage
                0x102cdca0       0x60
 .text.Ql_OS_GetMessage
                0x102cdca0       0x60 C:\Users\rohir\OneDrive\Documents\m66_tracpod\m66_tracpod\firmware\libs\gcc\libapp_start.a(taskMngt.o)
                0x102cdca0                Ql_OS_GetMessage

.text.Ql_OS_SendMessage
                0x102cdd00       0x78
 .text.Ql_OS_SendMessage
                0x102cdd00       0x78 C:\Users\rohir\OneDrive\Documents\m66_tracpod\m66_tracpod\firmware\libs\gcc\libapp_start.a(taskMngt.o)
                0x102cdd00                Ql_OS_SendMessage

.text.Ql_OS_CreateMutex
                0x102cdd78       0x54
 .text.Ql_OS_CreateMutex
                0x102cdd78       0x54 C:\Users\rohir\OneDrive\Documents\m66_tracpod\m66_tracpod\firmware\libs\gcc\libapp_start.a(taskMngt.o)
                0x102cdd78                Ql_OS_CreateMutex

.text.Ql_OS_TakeMutex
                0x102cddcc       0x54
 .text.Ql_OS_TakeMutex
                0x102cddcc       0x54 C:\Users\rohir\OneDrive\Documents\m66_tracpod\m66_tracpod\firmware\libs\gcc\libapp_start.a(taskMngt.o)
                0x102cddcc                Ql_OS_TakeMutex

.text.Ql_OS_GiveMutex
                0x102cde20       0x54
 .text.Ql_OS_GiveMutex
                0x102cde20       0x54 C:\Users\rohir\OneDrive\Documents\m66_tracpod\m66_tracpod\firmware\libs\gcc\libapp_start.a(taskMngt.o)
                0x102cde20                Ql_OS_GiveMutex

.text.Ql_OS_CreateEvent
                0x102cde74       0x54
 .text.Ql_OS_CreateEvent
                0x102cde74       0x54 C:\Users\rohir\OneDrive\Documents\m66_tracpod\m66_tracpod\firmware\libs\gcc\libapp_start.a(taskMngt.o)
                0x102cde74                Ql_OS_CreateEvent

.text.Ql_OS_WaitEvent
                0x102cdec8       0x68
 .text.Ql_OS_WaitEvent
                0x102cdec8       0x68 C:\Users\rohir\OneDrive\Documents\m66_tracpod\m66_tracpod\firmware\libs\gcc\libapp_start.a(taskMngt.o)
                0x102cdec8                Ql_OS_WaitEvent

.text.Ql_OS_SetEvent
                0x102cdf30       0x68
 .text.Ql_OS_SetEvent
                0x102cdf30       0x68 C:\Users\rohir\OneDrive\Documents\m66_tracpod\m66_tracpod\firmware\libs\gcc\libapp_start.a(taskMngt.o)
                0x102cdf30                Ql_OS_SetEvent

.text.Ql_Timer_Register
                0x102cdf98       0x70
 .text.Ql_Timer_Register
                0x102cdf98       0x70 C:\Users\rohir\OneDrive\Documents\m66_tracpod\m66_tracpod\firmware\libs\gcc\libapp_start.a(timer.o)
                0x102cdf98                Ql_Timer_Register

.text.Ql_Timer_Start
                0x102ce008       0x70
 .text.Ql_Timer_Start
                0x102ce008       0x70 C:\Users\rohir\OneDrive\Documents\m66_tracpod\m66_tracpod\firmware\libs\gcc\libapp_start.a(timer.o)
                0x102ce008                Ql_Timer_Start

.text.Ql_Timer_Stop
                0x102ce078       0x60
 .text.Ql_Timer_Stop
                0x102ce078       0x60 C:\Users\rohir\OneDrive\Documents\m66_tracpod\m66_tracpod\firmware\libs\gcc\libapp_start.a(timer.o)
                0x102ce078                Ql_Timer_Stop

.text.Ql_UART_Register
                0x102ce0d8       0x70
 .text.Ql_UART_Register
                0x102ce0d8       0x70 C:\Users\rohir\OneDrive\Documents\m66_tracpod\m66_tracpod\firmware\libs\gcc\libapp_start.a(uart.o)
                0x102ce0d8                Ql_UART_Register

.text.Ql_UART_Open
                0x102ce148       0x70
 .text.Ql_UART_Open
                0x102ce148       0x70 C:\Users\rohir\OneDrive\Documents\m66_tracpod\m66_tracpod\firmware\libs\gcc\libapp_start.a(uart.o)
                0x102ce148                Ql_UART_Open

.text.Ql_UART_Write
                0x102ce1b8       0x70
 .text.Ql_UART_Write
                0x102ce1b8       0x70 C:\Users\rohir\OneDrive\Documents\m66_tracpod\m66_tracpod\firmware\libs\gcc\libapp_start.a(uart.o)
                0x102ce1b8                Ql_UART_Write

.text.Ql_UART_Read
                0x102ce228       0x70
 .text.Ql_UART_Read
                0x102ce228       0x70 C:\Users\rohir\OneDrive\Documents\m66_tracpod\m66_tracpod\firmware\libs\gcc\libapp_start.a(uart.o)
                0x102ce228                Ql_UART_Read

.text.Ql_UART_GetPinStatus
                0x102ce298       0x68
 .text.Ql_UART_GetPinStatus
                0x102ce298       0x68 C:\Users\rohir\OneDrive\Documents\m66_tracpod\m66_tracpod\firmware\libs\gcc\libapp_start.a(uart.o)
                0x102ce298                Ql_UART_GetPinStatus

.text.Ql_UART_SendEscap
                0x102ce300       0x60
 .text.Ql_UART_SendEscap
                0x102ce300       0x60 C:\Users\rohir\OneDrive\Documents\m66_tracpod\m66_tracpod\firmware\libs\gcc\libapp_start.a(uart.o)
                0x102ce300                Ql_UART_SendEscap

.rodata         0x102ce360      0xb09
 *(.rodata)
 .rodata        0x102ce360      0x11c ./ril/src/ril_bluetooth.o
 .rodata        0x102ce47c       0x1c ./ril/src/ril_dtmf.o
 .rodata        0x102ce498       0x10 ./ril/src/ril_location.o
 .rodata        0x102ce4a8        0xc ./ril/src/ril_ntp.o
 .rodata        0x102ce4b4       0x48 ./ril/src/ril_sim.o
 .rodata        0x102ce4fc      0x888 ./ril/src/ril_urc.o
 .rodata        0x102ced84       0x5c ./custom/config/custom_sys_cfg.o
                0x102ced88                SystemCfg
 .rodata        0x102cede0       0x54 ./custom/config/sys_config.o
                0x102cede0                GpioConfigTbl
                0x102cede4                TaskConfig
 .rodata        0x102cee34       0x16 C:\Users\rohir\OneDrive\Documents\m66_tracpod\m66_tracpod\firmware\libs\gcc\libapp_start.a(ql_main.o)
 .rodata        0x102cee4a        0x4 C:\Users\rohir\OneDrive\Documents\m66_tracpod\m66_tracpod\firmware\libs\gcc\libapp_start.a(ril_main.o)
 .rodata        0x102cee4e       0x1b C:\Users\rohir\OneDrive\Documents\m66_tracpod\m66_tracpod\firmware\libs\gcc\libapp_start.a(system.o)

.rodata.str1.4  0x102cee6c      0xb70
 .rodata.str1.4
                0x102cee6c       0x34 ./ril/src/ril_atResponse.o
 .rodata.str1.4
                0x102ceea0      0x518 ./ril/src/ril_bluetooth.o
                                0x544 (size before relaxing)
 .rodata.str1.4
                0x102cf3b8       0xc3 ./ril/src/ril_dtmf.o
                                 0xdc (size before relaxing)
 *fill*         0x102cf47b        0x1 
 .rodata.str1.4
                0x102cf47c       0x57 ./ril/src/ril_init.o
                                 0x58 (size before relaxing)
 *fill*         0x102cf4d3        0x1 
 .rodata.str1.4
                0x102cf4d4       0x92 ./ril/src/ril_location.o
                                 0xdc (size before relaxing)
 *fill*         0x102cf566        0x2 
 .rodata.str1.4
                0x102cf568       0x12 ./ril/src/ril_ntp.o
                                 0x14 (size before relaxing)
 *fill*         0x102cf57a        0x2 
 .rodata.str1.4
                0x102cf57c       0xa4 ./ril/src/ril_sim.o
                                 0xc8 (size before relaxing)
 .rodata.str1.4
                0x102cf620      0x18c ./ril/src/ril_urc.o
                                0x194 (size before relaxing)
 .rodata.str1.4
                0x102cf7ac       0x1d ./ril/src/ril_util.o
                                 0x20 (size before relaxing)
 *fill*         0x102cf7c9        0x3 
 .rodata.str1.4
                0x102cf7cc      0x210 ./custom/main.o
                                0x238 (size before relaxing)

.rodata.str1.1  0x102cf9dc      0x419
 .rodata.str1.1
                0x102cf9dc       0x19 C:\Users\rohir\OneDrive\Documents\m66_tracpod\m66_tracpod\firmware\libs\gcc\libapp_start.a(memory.o)
 .rodata.str1.1
                0x102cf9f5       0x56 C:\Users\rohir\OneDrive\Documents\m66_tracpod\m66_tracpod\firmware\libs\gcc\libapp_start.a(ql_main.o)
 .rodata.str1.1
                0x102cfa4b       0x1e C:\Users\rohir\OneDrive\Documents\m66_tracpod\m66_tracpod\firmware\libs\gcc\libapp_start.a(ril_main.o)
                                 0x25 (size before relaxing)
 .rodata.str1.1
                0x102cfa69       0xe8 C:\Users\rohir\OneDrive\Documents\m66_tracpod\m66_tracpod\firmware\libs\gcc\libapp_start.a(stdlib_func.o)
 .rodata.str1.1
                0x102cfb51      0x157 C:\Users\rohir\OneDrive\Documents\m66_tracpod\m66_tracpod\firmware\libs\gcc\libapp_start.a(taskMngt.o)
 .rodata.str1.1
                0x102cfca8       0x45 C:\Users\rohir\OneDrive\Documents\m66_tracpod\m66_tracpod\firmware\libs\gcc\libapp_start.a(timer.o)
 .rodata.str1.1
                0x102cfced      0x108 C:\Users\rohir\OneDrive\Documents\m66_tracpod\m66_tracpod\firmware\libs\gcc\libapp_start.a(uart.o)

.rel.dyn        0x102cfdf8        0x0
 .rel.iplt      0x00000000        0x0 ./ril/src/ril_alarm.o

.data           0xf03d2000       0x50 load address 0x102cfdf8
                0x102cfdf8                PROVIDE (__data_load, LOADADDR (.data))
                0xf03d2000                PROVIDE (__data_start, .)
 *(.data)
 .data          0xf03d2000        0x1 ./ril/src/ril_bluetooth.o
 *fill*         0xf03d2001        0x3 
 .data          0xf03d2004       0x20 ./ril/src/ril_init.o
                0xf03d2004                g_LimitedCmds
                0xf03d200c                g_InitCmds
 .data          0xf03d2024       0x18 C:\Users\rohir\OneDrive\Documents\m66_tracpod\m66_tracpod\firmware\libs\gcc\libapp_start.a(ql_func.o)
                0xf03d2024                api_notsup
 .data          0xf03d203c        0x4 C:\Users\rohir\OneDrive\Documents\m66_tracpod\m66_tracpod\firmware\libs\gcc\libapp_start.a(ril_aux.o)
                0xf03d203c                g_ril_auxTaskId
 .data          0xf03d2040       0x10 C:\Users\rohir\OneDrive\Documents\m66_tracpod\m66_tracpod\firmware\libs\gcc\libapp_start.a(ril_main.o)
                0xf03d2050                . = ALIGN (0x8)
                0xf03d2050                PROVIDE (_edata, .)

.igot.plt       0xf03d2050        0x0 load address 0x102cfe48
 .igot.plt      0x00000000        0x0 ./ril/src/ril_alarm.o

.bss            0xf03d2050     0x1974 load address 0x102cfe48
                0xf03d2050                PROVIDE (__bss_start__, .)
 *(.bss)
 .bss           0xf03d2050        0x4 ./ril/src/ril_atResponse.o
 .bss           0xf03d2054        0x4 ./ril/src/ril_audio.o
                0xf03d2054                cb_aud_play
 .bss           0xf03d2058       0x98 ./ril/src/ril_bluetooth.o
 .bss           0xf03d20f0        0x4 ./ril/src/ril_custom.o
                0xf03d20f0                cb_rcvCoreData
 .bss           0xf03d20f4       0x10 ./ril/src/ril_dtmf.o
 .bss           0xf03d2104       0x18 ./ril/src/ril_http.o
                0xf03d2108                http_url_addr
                0xf03d210c                http_url_addr_len
                0xf03d2110                http_post_msg
                0xf03d2114                http_post_msg_len
                0xf03d2118                callback_http_dwnld
 .bss           0xf03d211c        0x4 ./ril/src/ril_location.o
 .bss           0xf03d2120        0x4 ./ril/src/ril_ntp.o
 .bss           0xf03d2124        0x8 ./ril/src/ril_urc.o
                0xf03d2124                FtpGet_IND_CB
                0xf03d2128                FtpPut_IND_CB
 .bss           0xf03d212c      0xa00 ./custom/main.o
 .bss           0xf03d2b2c        0x8 C:\Users\rohir\OneDrive\Documents\m66_tracpod\m66_tracpod\firmware\libs\gcc\libapp_start.a(memory.o)
 .bss           0xf03d2b34       0x24 C:\Users\rohir\OneDrive\Documents\m66_tracpod\m66_tracpod\firmware\libs\gcc\libapp_start.a(ql_func.o)
                0xf03d2b34                m_StartPlayAudioStream
                0xf03d2b38                m_get_api_ptr
                0xf03d2b3c                m_StopPlayAudioStream
                0xf03d2b40                m_GetRelativeTime_Counter
                0xf03d2b44                m_SecondToTicks
                0xf03d2b48                m_MillisecondToTicks
                0xf03d2b4c                m_CalendarTime2LocalTime
                0xf03d2b50                m_osChangeTaskPriority
                0xf03d2b54                m_create_api_hash
 .bss           0xf03d2b58       0x10 C:\Users\rohir\OneDrive\Documents\m66_tracpod\m66_tracpod\firmware\libs\gcc\libapp_start.a(ql_main.o)
                0xf03d2b5c                runinfo
 .bss           0xf03d2b68        0x1 C:\Users\rohir\OneDrive\Documents\m66_tracpod\m66_tracpod\firmware\libs\gcc\libapp_start.a(ril_aux.o)
                0xf03d2b68                g_ril_auxTaskReady
 *fill*         0xf03d2b69        0x3 
 .bss           0xf03d2b6c      0xc34 C:\Users\rohir\OneDrive\Documents\m66_tracpod\m66_tracpod\firmware\libs\gcc\libapp_start.a(ril_main.o)
 .bss           0xf03d37a0       0x5c C:\Users\rohir\OneDrive\Documents\m66_tracpod\m66_tracpod\firmware\libs\gcc\libapp_start.a(stdlib_func.o)
 .bss           0xf03d37fc       0x44 C:\Users\rohir\OneDrive\Documents\m66_tracpod\m66_tracpod\firmware\libs\gcc\libapp_start.a(taskMngt.o)
 .bss           0xf03d3840       0x10 C:\Users\rohir\OneDrive\Documents\m66_tracpod\m66_tracpod\firmware\libs\gcc\libapp_start.a(timer.o)
 .bss           0xf03d3850       0x3c C:\Users\rohir\OneDrive\Documents\m66_tracpod\m66_tracpod\firmware\libs\gcc\libapp_start.a(uart.o)
                0xf03d3890                . = ALIGN (0x8)
 *fill*         0xf03d388c        0x4 
                0xf03d3890                PROVIDE (__bss_end__, .)
 COMMON         0xf03d3890      0x124 ./ril/src/ril_telephony.o
                0xf03d3890                g_comingCall
 COMMON         0xf03d39b4       0x10 C:\Users\rohir\OneDrive\Documents\m66_tracpod\m66_tracpod\firmware\libs\gcc\libapp_start.a(ql_main.o)
                0xf03d39b4                Ql_snprintf
                0xf03d39b8                Ql_sprintf
                0xf03d39bc                Ql_Debug_Trace
                0xf03d39c0                Ql_sscanf
OUTPUT(APPGS3MDM32A01.elf elf32-littlearm)

.debug_info     0x00000000     0xb0a0
 .debug_info    0x00000000      0x223 ./ril/src/ril_atResponse.o
 .debug_info    0x00000223     0x1536 ./ril/src/ril_audio.o
 .debug_info    0x00001759     0x3ec8 ./ril/src/ril_bluetooth.o
 .debug_info    0x00005621      0x129 ./ril/src/ril_custom.o
 .debug_info    0x0000574a      0x99d ./ril/src/ril_dtmf.o
 .debug_info    0x000060e7      0x773 ./ril/src/ril_http.o
 .debug_info    0x0000685a       0xfc ./ril/src/ril_init.o
 .debug_info    0x00006956      0x938 ./ril/src/ril_location.o
 .debug_info    0x0000728e      0x290 ./ril/src/ril_ntp.o
 .debug_info    0x0000751e      0x8f2 ./ril/src/ril_sim.o
 .debug_info    0x00007e10      0x5b7 ./ril/src/ril_telephony.o
 .debug_info    0x000083c7     0x13bf ./ril/src/ril_urc.o
 .debug_info    0x00009786      0x58a ./ril/src/ril_util.o
 .debug_info    0x00009d10      0x34a ./custom/config/custom_sys_cfg.o
 .debug_info    0x0000a05a      0x274 ./custom/config/sys_config.o
 .debug_info    0x0000a2ce      0xdd2 ./custom/main.o

.debug_abbrev   0x00000000     0x1cee
 .debug_abbrev  0x00000000      0x13c ./ril/src/ril_atResponse.o
 .debug_abbrev  0x0000013c      0x2bd ./ril/src/ril_audio.o
 .debug_abbrev  0x000003f9      0x39f ./ril/src/ril_bluetooth.o
 .debug_abbrev  0x00000798       0xb6 ./ril/src/ril_custom.o
 .debug_abbrev  0x0000084e      0x239 ./ril/src/ril_dtmf.o
 .debug_abbrev  0x00000a87      0x1d8 ./ril/src/ril_http.o
 .debug_abbrev  0x00000c5f       0x87 ./ril/src/ril_init.o
 .debug_abbrev  0x00000ce6      0x1df ./ril/src/ril_location.o
 .debug_abbrev  0x00000ec5      0x13a ./ril/src/ril_ntp.o
 .debug_abbrev  0x00000fff      0x28d ./ril/src/ril_sim.o
 .debug_abbrev  0x0000128c      0x1cf ./ril/src/ril_telephony.o
 .debug_abbrev  0x0000145b      0x314 ./ril/src/ril_urc.o
 .debug_abbrev  0x0000176f      0x15e ./ril/src/ril_util.o
 .debug_abbrev  0x000018cd       0xdc ./custom/config/custom_sys_cfg.o
 .debug_abbrev  0x000019a9       0xc5 ./custom/config/sys_config.o
 .debug_abbrev  0x00001a6e      0x280 ./custom/main.o

.debug_loc      0x00000000     0x5d8e
 .debug_loc     0x00000000       0x9f ./ril/src/ril_atResponse.o
 .debug_loc     0x0000009f      0xb30 ./ril/src/ril_audio.o
 .debug_loc     0x00000bcf     0x246a ./ril/src/ril_bluetooth.o
 .debug_loc     0x00003039       0x83 ./ril/src/ril_custom.o
 .debug_loc     0x000030bc      0x5e6 ./ril/src/ril_dtmf.o
 .debug_loc     0x000036a2      0x484 ./ril/src/ril_http.o
 .debug_loc     0x00003b26      0x3e9 ./ril/src/ril_location.o
 .debug_loc     0x00003f0f      0x160 ./ril/src/ril_ntp.o
 .debug_loc     0x0000406f      0x51f ./ril/src/ril_sim.o
 .debug_loc     0x0000458e      0x39d ./ril/src/ril_telephony.o
 .debug_loc     0x0000492b      0xb6c ./ril/src/ril_urc.o
 .debug_loc     0x00005497      0x5e1 ./ril/src/ril_util.o
 .debug_loc     0x00005a78      0x316 ./custom/main.o

.debug_aranges  0x00000000      0x1f8
 .debug_aranges
                0x00000000       0x20 ./ril/src/ril_atResponse.o
 .debug_aranges
                0x00000020       0x20 ./ril/src/ril_audio.o
 .debug_aranges
                0x00000040       0x20 ./ril/src/ril_bluetooth.o
 .debug_aranges
                0x00000060       0x20 ./ril/src/ril_custom.o
 .debug_aranges
                0x00000080       0x20 ./ril/src/ril_dtmf.o
 .debug_aranges
                0x000000a0       0x20 ./ril/src/ril_http.o
 .debug_aranges
                0x000000c0       0x20 ./ril/src/ril_init.o
 .debug_aranges
                0x000000e0       0x20 ./ril/src/ril_location.o
 .debug_aranges
                0x00000100       0x20 ./ril/src/ril_ntp.o
 .debug_aranges
                0x00000120       0x20 ./ril/src/ril_sim.o
 .debug_aranges
                0x00000140       0x20 ./ril/src/ril_telephony.o
 .debug_aranges
                0x00000160       0x20 ./ril/src/ril_urc.o
 .debug_aranges
                0x00000180       0x20 ./ril/src/ril_util.o
 .debug_aranges
                0x000001a0       0x20 ./custom/config/custom_sys_cfg.o
 .debug_aranges
                0x000001c0       0x18 ./custom/config/sys_config.o
 .debug_aranges
                0x000001d8       0x20 ./custom/main.o

.debug_macro    0x00000000      0xca9
 .debug_macro   0x00000000       0x5c ./ril/src/ril_atResponse.o
 .debug_macro   0x0000005c       0xe2 ./ril/src/ril_audio.o
 .debug_macro   0x0000013e       0x2e ./ril/src/ril_audio.o
 .debug_macro   0x0000016c       0xa9 ./ril/src/ril_audio.o
 .debug_macro   0x00000215       0x2e ./ril/src/ril_audio.o
 .debug_macro   0x00000243       0x1e ./ril/src/ril_audio.o
 .debug_macro   0x00000261       0xbe ./ril/src/ril_bluetooth.o
 .debug_macro   0x0000031f       0x46 ./ril/src/ril_bluetooth.o
 .debug_macro   0x00000365       0x52 ./ril/src/ril_custom.o
 .debug_macro   0x000003b7       0xda ./ril/src/ril_dtmf.o
 .debug_macro   0x00000491       0xfa ./ril/src/ril_http.o
 .debug_macro   0x0000058b       0xa9 ./ril/src/ril_init.o
 .debug_macro   0x00000634       0xda ./ril/src/ril_location.o
 .debug_macro   0x0000070e       0x61 ./ril/src/ril_ntp.o
 .debug_macro   0x0000076f       0xbc ./ril/src/ril_sim.o
 .debug_macro   0x0000082b       0x5b ./ril/src/ril_telephony.o
 .debug_macro   0x00000886       0x10 ./ril/src/ril_telephony.o
 .debug_macro   0x00000896       0xf3 ./ril/src/ril_urc.o
 .debug_macro   0x00000989       0x4b ./ril/src/ril_util.o
 .debug_macro   0x000009d4       0x59 ./custom/config/custom_sys_cfg.o
 .debug_macro   0x00000a2d       0xed ./custom/config/sys_config.o
 .debug_macro   0x00000b1a       0x2e ./custom/config/sys_config.o
 .debug_macro   0x00000b48       0x2e ./custom/config/sys_config.o
 .debug_macro   0x00000b76       0x43 ./custom/config/sys_config.o
 .debug_macro   0x00000bb9       0xf0 ./custom/main.o

.debug_line     0x00000000     0x2f98
 .debug_line    0x00000000      0x214 ./ril/src/ril_atResponse.o
 .debug_line    0x00000214      0x38a ./ril/src/ril_audio.o
 .debug_line    0x0000059e      0x895 ./ril/src/ril_bluetooth.o
 .debug_line    0x00000e33      0x1e5 ./ril/src/ril_custom.o
 .debug_line    0x00001018      0x300 ./ril/src/ril_dtmf.o
 .debug_line    0x00001318      0x322 ./ril/src/ril_http.o
 .debug_line    0x0000163a      0x242 ./ril/src/ril_init.o
 .debug_line    0x0000187c      0x2fe ./ril/src/ril_location.o
 .debug_line    0x00001b7a      0x1bc ./ril/src/ril_ntp.o
 .debug_line    0x00001d36      0x2fc ./ril/src/ril_sim.o
 .debug_line    0x00002032      0x244 ./ril/src/ril_telephony.o
 .debug_line    0x00002276      0x440 ./ril/src/ril_urc.o
 .debug_line    0x000026b6      0x275 ./ril/src/ril_util.o
 .debug_line    0x0000292b      0x192 ./custom/config/custom_sys_cfg.o
 .debug_line    0x00002abd      0x207 ./custom/config/sys_config.o
 .debug_line    0x00002cc4      0x2d4 ./custom/main.o

.debug_str      0x00000000     0x7496
 .debug_str     0x00000000     0x258b ./ril/src/ril_atResponse.o
                               0x2627 (size before relaxing)
 .debug_str     0x0000258b     0x1a30 ./ril/src/ril_audio.o
                               0x3ff1 (size before relaxing)
 .debug_str     0x00003fbb      0xaec ./ril/src/ril_bluetooth.o
                               0x374b (size before relaxing)
 .debug_str     0x00004aa7       0x5b ./ril/src/ril_custom.o
                               0x25c5 (size before relaxing)
 .debug_str     0x00004b02      0x2bb ./ril/src/ril_dtmf.o
                               0x2f2b (size before relaxing)
 .debug_str     0x00004dbd      0x21f ./ril/src/ril_http.o
                               0x2eb9 (size before relaxing)
 .debug_str     0x00004fdc       0x56 ./ril/src/ril_init.o
                               0x2b76 (size before relaxing)
 .debug_str     0x00005032      0x152 ./ril/src/ril_location.o
                               0x2dc7 (size before relaxing)
 .debug_str     0x00005184       0x86 ./ril/src/ril_ntp.o
                               0x25e3 (size before relaxing)
 .debug_str     0x0000520a      0x19e ./ril/src/ril_sim.o
                               0x2e14 (size before relaxing)
 .debug_str     0x000053a8      0x17c ./ril/src/ril_telephony.o
                               0x2746 (size before relaxing)
 .debug_str     0x00005524     0x143d ./ril/src/ril_urc.o
                               0x4174 (size before relaxing)
 .debug_str     0x00006961       0xbf ./ril/src/ril_util.o
                               0x24fb (size before relaxing)
 .debug_str     0x00006a20      0x318 ./custom/config/custom_sys_cfg.o
                               0x2912 (size before relaxing)
 .debug_str     0x00006d38      0x40a ./custom/config/sys_config.o
                               0x2ef3 (size before relaxing)
 .debug_str     0x00007142      0x354 ./custom/main.o
                               0x3e96 (size before relaxing)

.comment        0x00000000       0x30
 .comment       0x00000000       0x30 ./ril/src/ril_atResponse.o
                                 0x31 (size before relaxing)
 .comment       0x00000000       0x31 ./ril/src/ril_audio.o
 .comment       0x00000000       0x31 ./ril/src/ril_bluetooth.o
 .comment       0x00000000       0x31 ./ril/src/ril_custom.o
 .comment       0x00000000       0x31 ./ril/src/ril_dtmf.o
 .comment       0x00000000       0x31 ./ril/src/ril_http.o
 .comment       0x00000000       0x31 ./ril/src/ril_init.o
 .comment       0x00000000       0x31 ./ril/src/ril_location.o
 .comment       0x00000000       0x31 ./ril/src/ril_ntp.o
 .comment       0x00000000       0x31 ./ril/src/ril_sim.o
 .comment       0x00000000       0x31 ./ril/src/ril_telephony.o
 .comment       0x00000000       0x31 ./ril/src/ril_urc.o
 .comment       0x00000000       0x31 ./ril/src/ril_util.o
 .comment       0x00000000       0x31 ./custom/config/custom_sys_cfg.o
 .comment       0x00000000       0x31 ./custom/config/sys_config.o
 .comment       0x00000000       0x31 ./custom/main.o
 .comment       0x00000000       0x31 C:\Users\rohir\OneDrive\Documents\m66_tracpod\m66_tracpod\firmware\libs\gcc\libapp_start.a(memory.o)
 .comment       0x00000000       0x31 C:\Users\rohir\OneDrive\Documents\m66_tracpod\m66_tracpod\firmware\libs\gcc\libapp_start.a(ql_func.o)
 .comment       0x00000000       0x31 C:\Users\rohir\OneDrive\Documents\m66_tracpod\m66_tracpod\firmware\libs\gcc\libapp_start.a(ql_main.o)
 .comment       0x00000000       0x31 C:\Users\rohir\OneDrive\Documents\m66_tracpod\m66_tracpod\firmware\libs\gcc\libapp_start.a(ril_aux.o)
 .comment       0x00000000       0x31 C:\Users\rohir\OneDrive\Documents\m66_tracpod\m66_tracpod\firmware\libs\gcc\libapp_start.a(ril_main.o)
 .comment       0x00000000       0x31 C:\Users\rohir\OneDrive\Documents\m66_tracpod\m66_tracpod\firmware\libs\gcc\libapp_start.a(stdlib_func.o)
 .comment       0x00000000       0x31 C:\Users\rohir\OneDrive\Documents\m66_tracpod\m66_tracpod\firmware\libs\gcc\libapp_start.a(system.o)
 .comment       0x00000000       0x31 C:\Users\rohir\OneDrive\Documents\m66_tracpod\m66_tracpod\firmware\libs\gcc\libapp_start.a(taskMngt.o)
 .comment       0x00000000       0x31 C:\Users\rohir\OneDrive\Documents\m66_tracpod\m66_tracpod\firmware\libs\gcc\libapp_start.a(timer.o)
 .comment       0x00000000       0x31 C:\Users\rohir\OneDrive\Documents\m66_tracpod\m66_tracpod\firmware\libs\gcc\libapp_start.a(uart.o)

.ARM.attributes
                0x00000000       0x2b
 .ARM.attributes
                0x00000000       0x2b ./ril/src/ril_atResponse.o
 .ARM.attributes
                0x0000002b       0x2b ./ril/src/ril_audio.o
 .ARM.attributes
                0x00000056       0x2b ./ril/src/ril_bluetooth.o
 .ARM.attributes
                0x00000081       0x2b ./ril/src/ril_custom.o
 .ARM.attributes
                0x000000ac       0x2b ./ril/src/ril_dtmf.o
 .ARM.attributes
                0x000000d7       0x2b ./ril/src/ril_http.o
 .ARM.attributes
                0x00000102       0x2b ./ril/src/ril_init.o
 .ARM.attributes
                0x0000012d       0x2b ./ril/src/ril_location.o
 .ARM.attributes
                0x00000158       0x2b ./ril/src/ril_ntp.o
 .ARM.attributes
                0x00000183       0x2b ./ril/src/ril_sim.o
 .ARM.attributes
                0x000001ae       0x2b ./ril/src/ril_telephony.o
 .ARM.attributes
                0x000001d9       0x2b ./ril/src/ril_urc.o
 .ARM.attributes
                0x00000204       0x2b ./ril/src/ril_util.o
 .ARM.attributes
                0x0000022f       0x2b ./custom/config/custom_sys_cfg.o
 .ARM.attributes
                0x0000025a       0x2b ./custom/config/sys_config.o
 .ARM.attributes
                0x00000285       0x2b ./custom/main.o
 .ARM.attributes
                0x000002b0       0x2b C:\Users\rohir\OneDrive\Documents\m66_tracpod\m66_tracpod\firmware\libs\gcc\libapp_start.a(memory.o)
 .ARM.attributes
                0x000002db       0x2b C:\Users\rohir\OneDrive\Documents\m66_tracpod\m66_tracpod\firmware\libs\gcc\libapp_start.a(ql_func.o)
 .ARM.attributes
                0x00000306       0x2b C:\Users\rohir\OneDrive\Documents\m66_tracpod\m66_tracpod\firmware\libs\gcc\libapp_start.a(ql_main.o)
 .ARM.attributes
                0x00000331       0x2b C:\Users\rohir\OneDrive\Documents\m66_tracpod\m66_tracpod\firmware\libs\gcc\libapp_start.a(ril_aux.o)
 .ARM.attributes
                0x0000035c       0x2b C:\Users\rohir\OneDrive\Documents\m66_tracpod\m66_tracpod\firmware\libs\gcc\libapp_start.a(ril_main.o)
 .ARM.attributes
                0x00000387       0x2b C:\Users\rohir\OneDrive\Documents\m66_tracpod\m66_tracpod\firmware\libs\gcc\libapp_start.a(stdlib_func.o)
 .ARM.attributes
                0x000003b2       0x2b C:\Users\rohir\OneDrive\Documents\m66_tracpod\m66_tracpod\firmware\libs\gcc\libapp_start.a(system.o)
 .ARM.attributes
                0x000003dd       0x2b C:\Users\rohir\OneDrive\Documents\m66_tracpod\m66_tracpod\firmware\libs\gcc\libapp_start.a(taskMngt.o)
 .ARM.attributes
                0x00000408       0x2b C:\Users\rohir\OneDrive\Documents\m66_tracpod\m66_tracpod\firmware\libs\gcc\libapp_start.a(timer.o)
 .ARM.attributes
                0x00000433       0x2b C:\Users\rohir\OneDrive\Documents\m66_tracpod\m66_tracpod\firmware\libs\gcc\libapp_start.a(uart.o)
 .ARM.attributes
                0x0000045e       0x1d C:\Users\rohir\OneDrive\Documents\m66_tracpod\m66_tracpod\firmware\libs\gcc\libapp_start.a(ocpu_init.o)
 .ARM.attributes
                0x0000047b       0x30 C:\Users\rohir\OneDrive\Documents\m66_tracpod\gcc\arm-none-eabi\lib\thumb\libc.a(lib_a-memcpy.o)
 .ARM.attributes
                0x000004ab       0x30 C:\Users\rohir\OneDrive\Documents\m66_tracpod\gcc\arm-none-eabi\lib\thumb\libc.a(lib_a-memset.o)
 .ARM.attributes
                0x000004db       0x18 C:\Users\rohir\OneDrive\Documents\m66_tracpod\gcc\lib\gcc\arm-none-eabi\4.7.2\thumb\libgcc.a(_arm_fixdfsi.o)
 .ARM.attributes
                0x000004f3       0x18 C:\Users\rohir\OneDrive\Documents\m66_tracpod\gcc\lib\gcc\arm-none-eabi\4.7.2\thumb\libgcc.a(_arm_truncdfsf2.o)

.debug_frame    0x00000000      0xf84
 .debug_frame   0x00000000       0x4c ./ril/src/ril_atResponse.o
 .debug_frame   0x0000004c      0x1b4 ./ril/src/ril_audio.o
 .debug_frame   0x00000200      0x574 ./ril/src/ril_bluetooth.o
 .debug_frame   0x00000774       0x28 ./ril/src/ril_custom.o
 .debug_frame   0x0000079c      0x10c ./ril/src/ril_dtmf.o
 .debug_frame   0x000008a8       0xb4 ./ril/src/ril_http.o
 .debug_frame   0x0000095c       0x30 ./ril/src/ril_init.o
 .debug_frame   0x0000098c       0xcc ./ril/src/ril_location.o
 .debug_frame   0x00000a58       0x4c ./ril/src/ril_ntp.o
 .debug_frame   0x00000aa4       0xe8 ./ril/src/ril_sim.o
 .debug_frame   0x00000b8c       0xa0 ./ril/src/ril_telephony.o
 .debug_frame   0x00000c2c      0x1a0 ./ril/src/ril_urc.o
 .debug_frame   0x00000dcc       0xbc ./ril/src/ril_util.o
 .debug_frame   0x00000e88       0x20 ./custom/config/custom_sys_cfg.o
 .debug_frame   0x00000ea8       0x78 ./custom/main.o
 .debug_frame   0x00000f20       0x38 C:\Users\rohir\OneDrive\Documents\m66_tracpod\gcc\arm-none-eabi\lib\thumb\libc.a(lib_a-memcpy.o)
 .debug_frame   0x00000f58       0x2c C:\Users\rohir\OneDrive\Documents\m66_tracpod\gcc\arm-none-eabi\lib\thumb\libc.a(lib_a-memset.o)

.debug_ranges   0x00000000      0x3f0
 .debug_ranges  0x00000000       0x70 ./ril/src/ril_audio.o
 .debug_ranges  0x00000070      0x290 ./ril/src/ril_bluetooth.o
 .debug_ranges  0x00000300       0x60 ./ril/src/ril_telephony.o
 .debug_ranges  0x00000360       0x60 ./ril/src/ril_urc.o
 .debug_ranges  0x000003c0       0x30 ./custom/main.o
