Archive member included because of file (symbol)

C:\Users\rohir\OneDrive\Documents\m66_tracpod\m66_tracpod\firmware\libs\gcc\libapp_start.a(fileSys.o)
                              ./custom/fota/src/fota_ftp.o (Ql_FS_Open)
C:\Users\rohir\OneDrive\Documents\m66_tracpod\m66_tracpod\firmware\libs\gcc\libapp_start.a(fota.o)
                              ./custom/fota/src/fota_main.o (Ql_FOTA_Init)
C:\Users\rohir\OneDrive\Documents\m66_tracpod\m66_tracpod\firmware\libs\gcc\libapp_start.a(gprs.o)
                              ./custom/fota/src/fota_main.o (Ql_GPRS_GetPDPContextId)
C:\Users\rohir\OneDrive\Documents\m66_tracpod\m66_tracpod\firmware\libs\gcc\libapp_start.a(iic.o)
                              ./example/nema_pro.o (Ql_IIC_Write)
C:\Users\rohir\OneDrive\Documents\m66_tracpod\m66_tracpod\firmware\libs\gcc\libapp_start.a(lib_ril_sms.o)
                              ./ril/src/ril_sms.o (LIB_SMS_IsValidHexStr)
C:\Users\rohir\OneDrive\Documents\m66_tracpod\m66_tracpod\firmware\libs\gcc\libapp_start.a(memory.o)
                              ./ril/src/ril_bluetooth.o (Ql_MEM_Alloc)
C:\Users\rohir\OneDrive\Documents\m66_tracpod\m66_tracpod\firmware\libs\gcc\libapp_start.a(ql_func.o)
                              C:\Users\rohir\OneDrive\Documents\m66_tracpod\m66_tracpod\firmware\libs\gcc\libapp_start.a(memory.o) (api_notsup)
C:\Users\rohir\OneDrive\Documents\m66_tracpod\m66_tracpod\firmware\libs\gcc\libapp_start.a(ql_main.o)
                              ./ril/src/ril_bluetooth.o (Ql_Debug_Trace)
C:\Users\rohir\OneDrive\Documents\m66_tracpod\m66_tracpod\firmware\libs\gcc\libapp_start.a(ril_aux.o)
                              ./custom/config/sys_config.o (proc_reserved2)
C:\Users\rohir\OneDrive\Documents\m66_tracpod\m66_tracpod\firmware\libs\gcc\libapp_start.a(ril_main.o)
                              ./custom/config/sys_config.o (proc_reserved1)
C:\Users\rohir\OneDrive\Documents\m66_tracpod\m66_tracpod\firmware\libs\gcc\libapp_start.a(stdlib_func.o)
                              ./ril/src/ril_dtmf.o (Ql_atof)
C:\Users\rohir\OneDrive\Documents\m66_tracpod\m66_tracpod\firmware\libs\gcc\libapp_start.a(system.o)
                              ./ril/src/ril_ftp.o (Ql_Sleep)
C:\Users\rohir\OneDrive\Documents\m66_tracpod\m66_tracpod\firmware\libs\gcc\libapp_start.a(taskMngt.o)
                              ./custom/main.o (Ql_OS_GetMessage)
C:\Users\rohir\OneDrive\Documents\m66_tracpod\m66_tracpod\firmware\libs\gcc\libapp_start.a(timer.o)
                              C:\Users\rohir\OneDrive\Documents\m66_tracpod\m66_tracpod\firmware\libs\gcc\libapp_start.a(ril_main.o) (Ql_Timer_Register)
C:\Users\rohir\OneDrive\Documents\m66_tracpod\m66_tracpod\firmware\libs\gcc\libapp_start.a(uart.o)
                              ./custom/main.o (Ql_UART_Register)
C:\Users\rohir\OneDrive\Documents\m66_tracpod\m66_tracpod\firmware\libs\gcc\libapp_start.a(ocpu_init.o)
                              C:\Users\rohir\OneDrive\Documents\m66_tracpod\m66_tracpod\firmware\libs\gcc\libapp_start.a(ql_main.o) (_OCPU_InitUserMem)
C:\Users\rohir\OneDrive\Documents\m66_tracpod\gcc\arm-none-eabi\lib\thumb\libc.a(lib_a-memcpy.o)
                              C:\Users\rohir\OneDrive\Documents\m66_tracpod\m66_tracpod\firmware\libs\gcc\libapp_start.a(stdlib_func.o) (memcpy)
C:\Users\rohir\OneDrive\Documents\m66_tracpod\gcc\arm-none-eabi\lib\thumb\libc.a(lib_a-memset.o)
                              ./ril/src/ril_alarm.o (memset)
C:\Users\rohir\OneDrive\Documents\m66_tracpod\gcc\lib\gcc\arm-none-eabi\4.7.2\thumb\libgcc.a(_udivsi3.o)
                              C:\Users\rohir\OneDrive\Documents\m66_tracpod\m66_tracpod\firmware\libs\gcc\libapp_start.a(lib_ril_sms.o) (__aeabi_uidiv)
C:\Users\rohir\OneDrive\Documents\m66_tracpod\gcc\lib\gcc\arm-none-eabi\4.7.2\thumb\libgcc.a(_divsi3.o)
                              C:\Users\rohir\OneDrive\Documents\m66_tracpod\m66_tracpod\firmware\libs\gcc\libapp_start.a(lib_ril_sms.o) (__aeabi_idiv)
C:\Users\rohir\OneDrive\Documents\m66_tracpod\gcc\lib\gcc\arm-none-eabi\4.7.2\thumb\libgcc.a(_dvmd_tls.o)
                              C:\Users\rohir\OneDrive\Documents\m66_tracpod\gcc\lib\gcc\arm-none-eabi\4.7.2\thumb\libgcc.a(_udivsi3.o) (__aeabi_idiv0)
C:\Users\rohir\OneDrive\Documents\m66_tracpod\gcc\lib\gcc\arm-none-eabi\4.7.2\thumb\libgcc.a(_arm_fixdfsi.o)
                              ./ril/src/ril_dtmf.o (__aeabi_d2iz)
C:\Users\rohir\OneDrive\Documents\m66_tracpod\gcc\lib\gcc\arm-none-eabi\4.7.2\thumb\libgcc.a(_arm_truncdfsf2.o)
                              ./ril/src/ril_location.o (__aeabi_d2f)

Allocating common symbols
Common symbol       size              file

Ql_snprintf         0x4               C:\Users\rohir\OneDrive\Documents\m66_tracpod\m66_tracpod\firmware\libs\gcc\libapp_start.a(ql_main.o)
Ql_sprintf          0x4               C:\Users\rohir\OneDrive\Documents\m66_tracpod\m66_tracpod\firmware\libs\gcc\libapp_start.a(ql_main.o)
Ql_Debug_Trace      0x4               C:\Users\rohir\OneDrive\Documents\m66_tracpod\m66_tracpod\firmware\libs\gcc\libapp_start.a(ql_main.o)
u4OverflowPkt       0x4               ./example/nema_pro.o
Ql_sscanf           0x4               C:\Users\rohir\OneDrive\Documents\m66_tracpod\m66_tracpod\firmware\libs\gcc\libapp_start.a(ql_main.o)
rx_state            0x1               ./example/nema_pro.o
g_comingCall        0x124             ./ril/src/ril_telephony.o
Fota_gprsCfg        0xb0              ./custom/fota/src/fota_main.o
FotaConfig          0x10              ./custom/fota/src/fota_main.o
id_que              0x600             ./example/nema_pro.o
u4PktInQueue        0x4               ./example/nema_pro.o
id_que_tail         0x2               ./example/nema_pro.o
id_que_head         0x2               ./example/nema_pro.o
rx_que              0x8000            ./example/nema_pro.o
rd_buf              0x100             ./example/nema_pro.o
rx_que_head         0x2               ./example/nema_pro.o
u4SyncPkt           0x4               ./example/nema_pro.o

Discarded input sections

 .text          0x00000000      0x534 ./ril/src/ril_alarm.o
 .data          0x00000000        0x0 ./ril/src/ril_alarm.o
 .bss           0x00000000        0x0 ./ril/src/ril_alarm.o
 .rodata        0x00000000       0x50 ./ril/src/ril_alarm.o
 .rodata.str1.4
                0x00000000       0x90 ./ril/src/ril_alarm.o
 .comment       0x00000000       0x31 ./ril/src/ril_alarm.o
 .ARM.attributes
                0x00000000       0x2b ./ril/src/ril_alarm.o
 .data          0x00000000        0x0 ./ril/src/ril_atResponse.o
 .text          0x00000000      0xae4 ./ril/src/ril_audio.o
 .data          0x00000000        0x1 ./ril/src/ril_audio.o
 .rodata.str1.4
                0x00000000      0x198 ./ril/src/ril_audio.o
 .data          0x00000000        0x0 ./ril/src/ril_custom.o
 .data          0x00000000        0x0 ./ril/src/ril_dtmf.o
 .text          0x00000000     0x1018 ./ril/src/ril_ftp.o
 .data          0x00000000        0x0 ./ril/src/ril_ftp.o
 .bss           0x00000000        0x0 ./ril/src/ril_ftp.o
 .rodata.str1.4
                0x00000000      0x2d0 ./ril/src/ril_ftp.o
 .comment       0x00000000       0x31 ./ril/src/ril_ftp.o
 .ARM.attributes
                0x00000000       0x2b ./ril/src/ril_ftp.o
 .text          0x00000000      0x494 ./ril/src/ril_http.o
 .data          0x00000000        0x0 ./ril/src/ril_http.o
 .rodata        0x00000000       0x68 ./ril/src/ril_http.o
 .rodata.str1.4
                0x00000000       0x34 ./ril/src/ril_http.o
 .bss           0x00000000        0x0 ./ril/src/ril_init.o
 .data          0x00000000        0x0 ./ril/src/ril_location.o
 .text          0x00000000        0x0 ./ril/src/ril_location2.o
 .data          0x00000000        0x0 ./ril/src/ril_location2.o
 .bss           0x00000000        0x0 ./ril/src/ril_location2.o
 .comment       0x00000000       0x31 ./ril/src/ril_location2.o
 .ARM.attributes
                0x00000000       0x2b ./ril/src/ril_location2.o
 .text          0x00000000      0xb70 ./ril/src/ril_network.o
 .data          0x00000000        0x0 ./ril/src/ril_network.o
 .bss           0x00000000        0x0 ./ril/src/ril_network.o
 .rodata        0x00000000       0x68 ./ril/src/ril_network.o
 .rodata.str1.4
                0x00000000      0x13c ./ril/src/ril_network.o
 .comment       0x00000000       0x31 ./ril/src/ril_network.o
 .ARM.attributes
                0x00000000       0x2b ./ril/src/ril_network.o
 .data          0x00000000        0x0 ./ril/src/ril_ntp.o
 .data          0x00000000        0x0 ./ril/src/ril_sim.o
 .bss           0x00000000        0x0 ./ril/src/ril_sim.o
 .text          0x00000000     0x1730 ./ril/src/ril_sms.o
 .data          0x00000000        0x0 ./ril/src/ril_sms.o
 .bss           0x00000000        0x1 ./ril/src/ril_sms.o
 .rodata.str1.4
                0x00000000       0xec ./ril/src/ril_sms.o
 .comment       0x00000000       0x31 ./ril/src/ril_sms.o
 .ARM.attributes
                0x00000000       0x2b ./ril/src/ril_sms.o
 .text          0x00000000      0x8ec ./ril/src/ril_system.o
 .data          0x00000000        0x0 ./ril/src/ril_system.o
 .bss           0x00000000        0x0 ./ril/src/ril_system.o
 .rodata        0x00000000        0x8 ./ril/src/ril_system.o
 .rodata.str1.4
                0x00000000       0x90 ./ril/src/ril_system.o
 .comment       0x00000000       0x31 ./ril/src/ril_system.o
 .ARM.attributes
                0x00000000       0x2b ./ril/src/ril_system.o
 .text          0x00000000      0x2cc ./ril/src/ril_telephony.o
 .data          0x00000000        0x0 ./ril/src/ril_telephony.o
 .bss           0x00000000        0x0 ./ril/src/ril_telephony.o
 .rodata.str1.4
                0x00000000       0x48 ./ril/src/ril_telephony.o
 .data          0x00000000        0x0 ./ril/src/ril_urc.o
 .data          0x00000000        0x0 ./ril/src/ril_util.o
 .bss           0x00000000        0x0 ./ril/src/ril_util.o
 .text          0x00000000        0x0 ./example/Example_gps_iic.o
 .data          0x00000000        0x0 ./example/Example_gps_iic.o
 .bss           0x00000000        0x0 ./example/Example_gps_iic.o
 .comment       0x00000000       0x31 ./example/Example_gps_iic.o
 .ARM.attributes
                0x00000000       0x2b ./example/Example_gps_iic.o
 .text          0x00000000        0x0 ./example/example_adc.o
 .data          0x00000000        0x0 ./example/example_adc.o
 .bss           0x00000000        0x0 ./example/example_adc.o
 .comment       0x00000000       0x31 ./example/example_adc.o
 .ARM.attributes
                0x00000000       0x2b ./example/example_adc.o
 .text          0x00000000        0x0 ./example/example_alarm.o
 .data          0x00000000        0x0 ./example/example_alarm.o
 .bss           0x00000000        0x0 ./example/example_alarm.o
 .comment       0x00000000       0x31 ./example/example_alarm.o
 .ARM.attributes
                0x00000000       0x2b ./example/example_alarm.o
 .text          0x00000000        0x0 ./example/example_audio.o
 .data          0x00000000        0x0 ./example/example_audio.o
 .bss           0x00000000        0x0 ./example/example_audio.o
 .comment       0x00000000       0x31 ./example/example_audio.o
 .ARM.attributes
                0x00000000       0x2b ./example/example_audio.o
 .text          0x00000000        0x0 ./example/example_bluetooth.o
 .data          0x00000000        0x0 ./example/example_bluetooth.o
 .bss           0x00000000        0x0 ./example/example_bluetooth.o
 .comment       0x00000000       0x31 ./example/example_bluetooth.o
 .ARM.attributes
                0x00000000       0x2b ./example/example_bluetooth.o
 .text          0x00000000        0x0 ./example/example_call.o
 .data          0x00000000        0x0 ./example/example_call.o
 .bss           0x00000000        0x0 ./example/example_call.o
 .comment       0x00000000       0x31 ./example/example_call.o
 .ARM.attributes
                0x00000000       0x2b ./example/example_call.o
 .text          0x00000000        0x0 ./example/example_clk.o
 .data          0x00000000        0x0 ./example/example_clk.o
 .bss           0x00000000        0x0 ./example/example_clk.o
 .comment       0x00000000       0x31 ./example/example_clk.o
 .ARM.attributes
                0x00000000       0x2b ./example/example_clk.o
 .text          0x00000000        0x0 ./example/example_csd.o
 .data          0x00000000        0x0 ./example/example_csd.o
 .bss           0x00000000        0x0 ./example/example_csd.o
 .comment       0x00000000       0x31 ./example/example_csd.o
 .ARM.attributes
                0x00000000       0x2b ./example/example_csd.o
 .text          0x00000000        0x0 ./example/example_download_epo.o
 .data          0x00000000        0x0 ./example/example_download_epo.o
 .bss           0x00000000        0x0 ./example/example_download_epo.o
 .comment       0x00000000       0x31 ./example/example_download_epo.o
 .ARM.attributes
                0x00000000       0x2b ./example/example_download_epo.o
 .text          0x00000000        0x0 ./example/example_dtmf.o
 .data          0x00000000        0x0 ./example/example_dtmf.o
 .bss           0x00000000        0x0 ./example/example_dtmf.o
 .comment       0x00000000       0x31 ./example/example_dtmf.o
 .ARM.attributes
                0x00000000       0x2b ./example/example_dtmf.o
 .text          0x00000000        0x0 ./example/example_eint.o
 .data          0x00000000        0x0 ./example/example_eint.o
 .bss           0x00000000        0x0 ./example/example_eint.o
 .comment       0x00000000       0x31 ./example/example_eint.o
 .ARM.attributes
                0x00000000       0x2b ./example/example_eint.o
 .text          0x00000000        0x0 ./example/example_file.o
 .data          0x00000000        0x0 ./example/example_file.o
 .bss           0x00000000        0x0 ./example/example_file.o
 .comment       0x00000000       0x31 ./example/example_file.o
 .ARM.attributes
                0x00000000       0x2b ./example/example_file.o
 .text          0x00000000        0x0 ./example/example_float_math.o
 .data          0x00000000        0x0 ./example/example_float_math.o
 .bss           0x00000000        0x0 ./example/example_float_math.o
 .comment       0x00000000       0x31 ./example/example_float_math.o
 .ARM.attributes
                0x00000000       0x2b ./example/example_float_math.o
 .text          0x00000000        0x0 ./example/example_fota_ftp.o
 .data          0x00000000        0x0 ./example/example_fota_ftp.o
 .bss           0x00000000        0x0 ./example/example_fota_ftp.o
 .comment       0x00000000       0x31 ./example/example_fota_ftp.o
 .ARM.attributes
                0x00000000       0x2b ./example/example_fota_ftp.o
 .text          0x00000000        0x0 ./example/example_fota_http.o
 .data          0x00000000        0x0 ./example/example_fota_http.o
 .bss           0x00000000        0x0 ./example/example_fota_http.o
 .comment       0x00000000       0x31 ./example/example_fota_http.o
 .ARM.attributes
                0x00000000       0x2b ./example/example_fota_http.o
 .text          0x00000000        0x0 ./example/example_ftp.o
 .data          0x00000000        0x0 ./example/example_ftp.o
 .bss           0x00000000        0x0 ./example/example_ftp.o
 .comment       0x00000000       0x31 ./example/example_ftp.o
 .ARM.attributes
                0x00000000       0x2b ./example/example_ftp.o
 .text          0x00000000        0x0 ./example/example_gpio.o
 .data          0x00000000        0x0 ./example/example_gpio.o
 .bss           0x00000000        0x0 ./example/example_gpio.o
 .comment       0x00000000       0x31 ./example/example_gpio.o
 .ARM.attributes
                0x00000000       0x2b ./example/example_gpio.o
 .text          0x00000000        0x0 ./example/example_http.o
 .data          0x00000000        0x0 ./example/example_http.o
 .bss           0x00000000        0x0 ./example/example_http.o
 .comment       0x00000000       0x31 ./example/example_http.o
 .ARM.attributes
                0x00000000       0x2b ./example/example_http.o
 .text          0x00000000        0x0 ./example/example_iic.o
 .data          0x00000000        0x0 ./example/example_iic.o
 .bss           0x00000000        0x0 ./example/example_iic.o
 .comment       0x00000000       0x31 ./example/example_iic.o
 .ARM.attributes
                0x00000000       0x2b ./example/example_iic.o
 .text          0x00000000        0x0 ./example/example_location.o
 .data          0x00000000        0x0 ./example/example_location.o
 .bss           0x00000000        0x0 ./example/example_location.o
 .comment       0x00000000       0x31 ./example/example_location.o
 .ARM.attributes
                0x00000000       0x2b ./example/example_location.o
 .text          0x00000000        0x0 ./example/example_location2.o
 .data          0x00000000        0x0 ./example/example_location2.o
 .bss           0x00000000        0x0 ./example/example_location2.o
 .comment       0x00000000       0x31 ./example/example_location2.o
 .ARM.attributes
                0x00000000       0x2b ./example/example_location2.o
 .text          0x00000000        0x0 ./example/example_memory.o
 .data          0x00000000        0x0 ./example/example_memory.o
 .bss           0x00000000        0x0 ./example/example_memory.o
 .comment       0x00000000       0x31 ./example/example_memory.o
 .ARM.attributes
                0x00000000       0x2b ./example/example_memory.o
 .text          0x00000000        0x0 ./example/example_multitask.o
 .data          0x00000000        0x0 ./example/example_multitask.o
 .bss           0x00000000        0x0 ./example/example_multitask.o
 .comment       0x00000000       0x31 ./example/example_multitask.o
 .ARM.attributes
                0x00000000       0x2b ./example/example_multitask.o
 .text          0x00000000        0x0 ./example/example_multitask_port.o
 .data          0x00000000        0x0 ./example/example_multitask_port.o
 .bss           0x00000000        0x0 ./example/example_multitask_port.o
 .comment       0x00000000       0x31 ./example/example_multitask_port.o
 .ARM.attributes
                0x00000000       0x2b ./example/example_multitask_port.o
 .text          0x00000000        0x0 ./example/example_pwm.o
 .data          0x00000000        0x0 ./example/example_pwm.o
 .bss           0x00000000        0x0 ./example/example_pwm.o
 .comment       0x00000000       0x31 ./example/example_pwm.o
 .ARM.attributes
                0x00000000       0x2b ./example/example_pwm.o
 .text          0x00000000        0x0 ./example/example_sms.o
 .data          0x00000000        0x0 ./example/example_sms.o
 .bss           0x00000000        0x0 ./example/example_sms.o
 .comment       0x00000000       0x31 ./example/example_sms.o
 .ARM.attributes
                0x00000000       0x2b ./example/example_sms.o
 .text          0x00000000        0x0 ./example/example_spi.o
 .data          0x00000000        0x0 ./example/example_spi.o
 .bss           0x00000000        0x0 ./example/example_spi.o
 .comment       0x00000000       0x31 ./example/example_spi.o
 .ARM.attributes
                0x00000000       0x2b ./example/example_spi.o
 .text          0x00000000        0x0 ./example/example_system.o
 .data          0x00000000        0x0 ./example/example_system.o
 .bss           0x00000000        0x0 ./example/example_system.o
 .comment       0x00000000       0x31 ./example/example_system.o
 .ARM.attributes
                0x00000000       0x2b ./example/example_system.o
 .text          0x00000000        0x0 ./example/example_tcp_demo.o
 .data          0x00000000        0x0 ./example/example_tcp_demo.o
 .bss           0x00000000        0x0 ./example/example_tcp_demo.o
 .comment       0x00000000       0x31 ./example/example_tcp_demo.o
 .ARM.attributes
                0x00000000       0x2b ./example/example_tcp_demo.o
 .text          0x00000000        0x0 ./example/example_tcpclient.o
 .data          0x00000000        0x0 ./example/example_tcpclient.o
 .bss           0x00000000        0x0 ./example/example_tcpclient.o
 .comment       0x00000000       0x31 ./example/example_tcpclient.o
 .ARM.attributes
                0x00000000       0x2b ./example/example_tcpclient.o
 .text          0x00000000        0x0 ./example/example_tcpserver.o
 .data          0x00000000        0x0 ./example/example_tcpserver.o
 .bss           0x00000000        0x0 ./example/example_tcpserver.o
 .comment       0x00000000       0x31 ./example/example_tcpserver.o
 .ARM.attributes
                0x00000000       0x2b ./example/example_tcpserver.o
 .text          0x00000000        0x0 ./example/example_time.o
 .data          0x00000000        0x0 ./example/example_time.o
 .bss           0x00000000        0x0 ./example/example_time.o
 .comment       0x00000000       0x31 ./example/example_time.o
 .ARM.attributes
                0x00000000       0x2b ./example/example_time.o
 .text          0x00000000        0x0 ./example/example_timer.o
 .data          0x00000000        0x0 ./example/example_timer.o
 .bss           0x00000000        0x0 ./example/example_timer.o
 .comment       0x00000000       0x31 ./example/example_timer.o
 .ARM.attributes
                0x00000000       0x2b ./example/example_timer.o
 .text          0x00000000        0x0 ./example/example_transpass.o
 .data          0x00000000        0x0 ./example/example_transpass.o
 .bss           0x00000000        0x0 ./example/example_transpass.o
 .comment       0x00000000       0x31 ./example/example_transpass.o
 .ARM.attributes
                0x00000000       0x2b ./example/example_transpass.o
 .text          0x00000000        0x0 ./example/example_udpclient.o
 .data          0x00000000        0x0 ./example/example_udpclient.o
 .bss           0x00000000        0x0 ./example/example_udpclient.o
 .comment       0x00000000       0x31 ./example/example_udpclient.o
 .ARM.attributes
                0x00000000       0x2b ./example/example_udpclient.o
 .text          0x00000000        0x0 ./example/example_udpserver.o
 .data          0x00000000        0x0 ./example/example_udpserver.o
 .bss           0x00000000        0x0 ./example/example_udpserver.o
 .comment       0x00000000       0x31 ./example/example_udpserver.o
 .ARM.attributes
                0x00000000       0x2b ./example/example_udpserver.o
 .text          0x00000000        0x0 ./example/example_watchdog.o
 .data          0x00000000        0x0 ./example/example_watchdog.o
 .bss           0x00000000        0x0 ./example/example_watchdog.o
 .comment       0x00000000       0x31 ./example/example_watchdog.o
 .ARM.attributes
                0x00000000       0x2b ./example/example_watchdog.o
 .text          0x00000000      0xa08 ./example/nema_pro.o
 .data          0x00000000        0x0 ./example/nema_pro.o
 .bss           0x00000000      0xa08 ./example/nema_pro.o
 .rodata.str1.4
                0x00000000      0x1ac ./example/nema_pro.o
 .comment       0x00000000       0x31 ./example/nema_pro.o
 .ARM.attributes
                0x00000000       0x2b ./example/nema_pro.o
 COMMON         0x00000000     0x8718 ./example/nema_pro.o
 .text          0x00000000      0x188 ./example/utility.o
 .data          0x00000000        0x0 ./example/utility.o
 .bss           0x00000000        0x0 ./example/utility.o
 .rodata.str1.4
                0x00000000       0x10 ./example/utility.o
 .comment       0x00000000       0x31 ./example/utility.o
 .ARM.attributes
                0x00000000       0x2b ./example/utility.o
 .text          0x00000000     0x109c ./custom/fota/src/fota_ftp.o
 .data          0x00000000        0x0 ./custom/fota/src/fota_ftp.o
 .bss           0x00000000       0xb0 ./custom/fota/src/fota_ftp.o
 .rodata.str1.4
                0x00000000      0x6ec ./custom/fota/src/fota_ftp.o
 .comment       0x00000000       0x31 ./custom/fota/src/fota_ftp.o
 .ARM.attributes
                0x00000000       0x2b ./custom/fota/src/fota_ftp.o
 .text          0x00000000        0x0 ./custom/fota/src/fota_http.o
 .data          0x00000000        0x0 ./custom/fota/src/fota_http.o
 .bss           0x00000000        0x0 ./custom/fota/src/fota_http.o
 .comment       0x00000000       0x31 ./custom/fota/src/fota_http.o
 .ARM.attributes
                0x00000000       0x2b ./custom/fota/src/fota_http.o
 .text          0x00000000        0x0 ./custom/fota/src/fota_http_code.o
 .data          0x00000000        0x0 ./custom/fota/src/fota_http_code.o
 .bss           0x00000000        0x0 ./custom/fota/src/fota_http_code.o
 .comment       0x00000000       0x31 ./custom/fota/src/fota_http_code.o
 .ARM.attributes
                0x00000000       0x2b ./custom/fota/src/fota_http_code.o
 .text          0x00000000      0x360 ./custom/fota/src/fota_main.o
 .data          0x00000000       0x68 ./custom/fota/src/fota_main.o
 .bss           0x00000000       0x44 ./custom/fota/src/fota_main.o
 .rodata.str1.4
                0x00000000      0x1fc ./custom/fota/src/fota_main.o
 .comment       0x00000000       0x31 ./custom/fota/src/fota_main.o
 .ARM.attributes
                0x00000000       0x2b ./custom/fota/src/fota_main.o
 COMMON         0x00000000       0xc0 ./custom/fota/src/fota_main.o
 .text          0x00000000        0xc ./custom/config/custom_sys_cfg.o
 .data          0x00000000        0x0 ./custom/config/custom_sys_cfg.o
 .bss           0x00000000        0x0 ./custom/config/custom_sys_cfg.o
 .text          0x00000000        0x0 ./custom/config/sys_config.o
 .data          0x00000000        0x0 ./custom/config/sys_config.o
 .bss           0x00000000        0x0 ./custom/config/sys_config.o
 .data          0x00000000        0x0 ./custom/main.o
 .text          0x00000000        0x0 ./.metadata/.plugins/org.eclipse.cdt.make.core/specs.o
 .data          0x00000000        0x0 ./.metadata/.plugins/org.eclipse.cdt.make.core/specs.o
 .bss           0x00000000        0x0 ./.metadata/.plugins/org.eclipse.cdt.make.core/specs.o
 .comment       0x00000000       0x31 ./.metadata/.plugins/org.eclipse.cdt.make.core/specs.o
 .ARM.attributes
                0x00000000       0x2b ./.metadata/.plugins/org.eclipse.cdt.make.core/specs.o
 .text          0x00000000        0x0 C:\Users\rohir\OneDrive\Documents\m66_tracpod\m66_tracpod\firmware\libs\gcc\libapp_start.a(fileSys.o)
 .data          0x00000000        0x0 C:\Users\rohir\OneDrive\Documents\m66_tracpod\m66_tracpod\firmware\libs\gcc\libapp_start.a(fileSys.o)
 .bss           0x00000000       0x60 C:\Users\rohir\OneDrive\Documents\m66_tracpod\m66_tracpod\firmware\libs\gcc\libapp_start.a(fileSys.o)
 .text.Ql_FS_Open
                0x00000000       0x68 C:\Users\rohir\OneDrive\Documents\m66_tracpod\m66_tracpod\firmware\libs\gcc\libapp_start.a(fileSys.o)
 .text.Ql_FS_OpenRAMFile
                0x00000000       0x70 C:\Users\rohir\OneDrive\Documents\m66_tracpod\m66_tracpod\firmware\libs\gcc\libapp_start.a(fileSys.o)
 .text.Ql_FS_Read
                0x00000000       0x78 C:\Users\rohir\OneDrive\Documents\m66_tracpod\m66_tracpod\firmware\libs\gcc\libapp_start.a(fileSys.o)
 .text.Ql_FS_Write
                0x00000000       0x78 C:\Users\rohir\OneDrive\Documents\m66_tracpod\m66_tracpod\firmware\libs\gcc\libapp_start.a(fileSys.o)
 .text.Ql_FS_Seek
                0x00000000       0x70 C:\Users\rohir\OneDrive\Documents\m66_tracpod\m66_tracpod\firmware\libs\gcc\libapp_start.a(fileSys.o)
 .text.Ql_FS_GetFilePosition
                0x00000000       0x60 C:\Users\rohir\OneDrive\Documents\m66_tracpod\m66_tracpod\firmware\libs\gcc\libapp_start.a(fileSys.o)
 .text.Ql_FS_Truncate
                0x00000000       0x60 C:\Users\rohir\OneDrive\Documents\m66_tracpod\m66_tracpod\firmware\libs\gcc\libapp_start.a(fileSys.o)
 .text.Ql_FS_Flush
                0x00000000       0x54 C:\Users\rohir\OneDrive\Documents\m66_tracpod\m66_tracpod\firmware\libs\gcc\libapp_start.a(fileSys.o)
 .text.Ql_FS_Close
                0x00000000       0x54 C:\Users\rohir\OneDrive\Documents\m66_tracpod\m66_tracpod\firmware\libs\gcc\libapp_start.a(fileSys.o)
 .text.Ql_FS_GetSize
                0x00000000       0x60 C:\Users\rohir\OneDrive\Documents\m66_tracpod\m66_tracpod\firmware\libs\gcc\libapp_start.a(fileSys.o)
 .text.Ql_FS_Delete
                0x00000000       0x60 C:\Users\rohir\OneDrive\Documents\m66_tracpod\m66_tracpod\firmware\libs\gcc\libapp_start.a(fileSys.o)
 .text.Ql_FS_Check
                0x00000000       0x60 C:\Users\rohir\OneDrive\Documents\m66_tracpod\m66_tracpod\firmware\libs\gcc\libapp_start.a(fileSys.o)
 .text.Ql_FS_Rename
                0x00000000       0x68 C:\Users\rohir\OneDrive\Documents\m66_tracpod\m66_tracpod\firmware\libs\gcc\libapp_start.a(fileSys.o)
 .text.Ql_FS_CreateDir
                0x00000000       0x60 C:\Users\rohir\OneDrive\Documents\m66_tracpod\m66_tracpod\firmware\libs\gcc\libapp_start.a(fileSys.o)
 .text.Ql_FS_DeleteDir
                0x00000000       0x60 C:\Users\rohir\OneDrive\Documents\m66_tracpod\m66_tracpod\firmware\libs\gcc\libapp_start.a(fileSys.o)
 .text.Ql_FS_CheckDir
                0x00000000       0x60 C:\Users\rohir\OneDrive\Documents\m66_tracpod\m66_tracpod\firmware\libs\gcc\libapp_start.a(fileSys.o)
 .text.Ql_FS_FindFirst
                0x00000000       0x80 C:\Users\rohir\OneDrive\Documents\m66_tracpod\m66_tracpod\firmware\libs\gcc\libapp_start.a(fileSys.o)
 .text.Ql_FS_FindNext
                0x00000000       0x80 C:\Users\rohir\OneDrive\Documents\m66_tracpod\m66_tracpod\firmware\libs\gcc\libapp_start.a(fileSys.o)
 .text.Ql_FS_FindClose
                0x00000000       0x54 C:\Users\rohir\OneDrive\Documents\m66_tracpod\m66_tracpod\firmware\libs\gcc\libapp_start.a(fileSys.o)
 .text.Ql_FS_XDelete
                0x00000000       0x68 C:\Users\rohir\OneDrive\Documents\m66_tracpod\m66_tracpod\firmware\libs\gcc\libapp_start.a(fileSys.o)
 .text.Ql_FS_XMove
                0x00000000       0x70 C:\Users\rohir\OneDrive\Documents\m66_tracpod\m66_tracpod\firmware\libs\gcc\libapp_start.a(fileSys.o)
 .text.Ql_FS_GetFreeSpace
                0x00000000       0x74 C:\Users\rohir\OneDrive\Documents\m66_tracpod\m66_tracpod\firmware\libs\gcc\libapp_start.a(fileSys.o)
 .text.Ql_FS_GetTotalSpace
                0x00000000       0x74 C:\Users\rohir\OneDrive\Documents\m66_tracpod\m66_tracpod\firmware\libs\gcc\libapp_start.a(fileSys.o)
 .text.Ql_FS_Format
                0x00000000       0x60 C:\Users\rohir\OneDrive\Documents\m66_tracpod\m66_tracpod\firmware\libs\gcc\libapp_start.a(fileSys.o)
 .rodata.str1.1
                0x00000000      0x15c C:\Users\rohir\OneDrive\Documents\m66_tracpod\m66_tracpod\firmware\libs\gcc\libapp_start.a(fileSys.o)
 .comment       0x00000000       0x31 C:\Users\rohir\OneDrive\Documents\m66_tracpod\m66_tracpod\firmware\libs\gcc\libapp_start.a(fileSys.o)
 .ARM.attributes
                0x00000000       0x2b C:\Users\rohir\OneDrive\Documents\m66_tracpod\m66_tracpod\firmware\libs\gcc\libapp_start.a(fileSys.o)
 .text          0x00000000        0x0 C:\Users\rohir\OneDrive\Documents\m66_tracpod\m66_tracpod\firmware\libs\gcc\libapp_start.a(fota.o)
 .data          0x00000000        0x0 C:\Users\rohir\OneDrive\Documents\m66_tracpod\m66_tracpod\firmware\libs\gcc\libapp_start.a(fota.o)
 .bss           0x00000000       0x14 C:\Users\rohir\OneDrive\Documents\m66_tracpod\m66_tracpod\firmware\libs\gcc\libapp_start.a(fota.o)
 .text.Ql_FOTA_Init
                0x00000000       0x60 C:\Users\rohir\OneDrive\Documents\m66_tracpod\m66_tracpod\firmware\libs\gcc\libapp_start.a(fota.o)
 .text.Ql_FOTA_WriteData
                0x00000000       0x68 C:\Users\rohir\OneDrive\Documents\m66_tracpod\m66_tracpod\firmware\libs\gcc\libapp_start.a(fota.o)
 .text.Ql_FOTA_Finish
                0x00000000       0x58 C:\Users\rohir\OneDrive\Documents\m66_tracpod\m66_tracpod\firmware\libs\gcc\libapp_start.a(fota.o)
 .text.Ql_FOTA_ReadData
                0x00000000       0x70 C:\Users\rohir\OneDrive\Documents\m66_tracpod\m66_tracpod\firmware\libs\gcc\libapp_start.a(fota.o)
 .text.Ql_FOTA_Update
                0x00000000       0x58 C:\Users\rohir\OneDrive\Documents\m66_tracpod\m66_tracpod\firmware\libs\gcc\libapp_start.a(fota.o)
 .rodata.str1.1
                0x00000000       0x4e C:\Users\rohir\OneDrive\Documents\m66_tracpod\m66_tracpod\firmware\libs\gcc\libapp_start.a(fota.o)
 .comment       0x00000000       0x31 C:\Users\rohir\OneDrive\Documents\m66_tracpod\m66_tracpod\firmware\libs\gcc\libapp_start.a(fota.o)
 .ARM.attributes
                0x00000000       0x2b C:\Users\rohir\OneDrive\Documents\m66_tracpod\m66_tracpod\firmware\libs\gcc\libapp_start.a(fota.o)
 .text          0x00000000        0x0 C:\Users\rohir\OneDrive\Documents\m66_tracpod\m66_tracpod\firmware\libs\gcc\libapp_start.a(gprs.o)
 .data          0x00000000        0x0 C:\Users\rohir\OneDrive\Documents\m66_tracpod\m66_tracpod\firmware\libs\gcc\libapp_start.a(gprs.o)
 .bss           0x00000000       0x28 C:\Users\rohir\OneDrive\Documents\m66_tracpod\m66_tracpod\firmware\libs\gcc\libapp_start.a(gprs.o)
 .text.Ql_GPRS_GetPDPCntxtState
                0x00000000       0x60 C:\Users\rohir\OneDrive\Documents\m66_tracpod\m66_tracpod\firmware\libs\gcc\libapp_start.a(gprs.o)
 .text.Ql_GPRS_GetPDPContextId
                0x00000000       0x60 C:\Users\rohir\OneDrive\Documents\m66_tracpod\m66_tracpod\firmware\libs\gcc\libapp_start.a(gprs.o)
 .text.Ql_GPRS_Config
                0x00000000       0x68 C:\Users\rohir\OneDrive\Documents\m66_tracpod\m66_tracpod\firmware\libs\gcc\libapp_start.a(gprs.o)
 .text.Ql_GPRS_Register
                0x00000000       0x70 C:\Users\rohir\OneDrive\Documents\m66_tracpod\m66_tracpod\firmware\libs\gcc\libapp_start.a(gprs.o)
 .text.Ql_GPRS_Activate
                0x00000000       0x60 C:\Users\rohir\OneDrive\Documents\m66_tracpod\m66_tracpod\firmware\libs\gcc\libapp_start.a(gprs.o)
 .text.Ql_GPRS_ActivateEx
                0x00000000       0x68 C:\Users\rohir\OneDrive\Documents\m66_tracpod\m66_tracpod\firmware\libs\gcc\libapp_start.a(gprs.o)
 .text.Ql_GPRS_Deactivate
                0x00000000       0x60 C:\Users\rohir\OneDrive\Documents\m66_tracpod\m66_tracpod\firmware\libs\gcc\libapp_start.a(gprs.o)
 .text.Ql_GPRS_DeactivateEx
                0x00000000       0x68 C:\Users\rohir\OneDrive\Documents\m66_tracpod\m66_tracpod\firmware\libs\gcc\libapp_start.a(gprs.o)
 .text.Ql_GPRS_GetLocalIPAddress
                0x00000000       0x68 C:\Users\rohir\OneDrive\Documents\m66_tracpod\m66_tracpod\firmware\libs\gcc\libapp_start.a(gprs.o)
 .text.Ql_GPRS_GetDNSAddress
                0x00000000       0x70 C:\Users\rohir\OneDrive\Documents\m66_tracpod\m66_tracpod\firmware\libs\gcc\libapp_start.a(gprs.o)
 .text.Ql_GPRS_SetDNSAddress
                0x00000000       0x70 C:\Users\rohir\OneDrive\Documents\m66_tracpod\m66_tracpod\firmware\libs\gcc\libapp_start.a(gprs.o)
 .rodata.str1.1
                0x00000000       0xcb C:\Users\rohir\OneDrive\Documents\m66_tracpod\m66_tracpod\firmware\libs\gcc\libapp_start.a(gprs.o)
 .comment       0x00000000       0x31 C:\Users\rohir\OneDrive\Documents\m66_tracpod\m66_tracpod\firmware\libs\gcc\libapp_start.a(gprs.o)
 .ARM.attributes
                0x00000000       0x2b C:\Users\rohir\OneDrive\Documents\m66_tracpod\m66_tracpod\firmware\libs\gcc\libapp_start.a(gprs.o)
 .text          0x00000000        0x0 C:\Users\rohir\OneDrive\Documents\m66_tracpod\m66_tracpod\firmware\libs\gcc\libapp_start.a(iic.o)
 .data          0x00000000        0x0 C:\Users\rohir\OneDrive\Documents\m66_tracpod\m66_tracpod\firmware\libs\gcc\libapp_start.a(iic.o)
 .bss           0x00000000       0x18 C:\Users\rohir\OneDrive\Documents\m66_tracpod\m66_tracpod\firmware\libs\gcc\libapp_start.a(iic.o)
 .text.Ql_IIC_Init
                0x00000000       0x78 C:\Users\rohir\OneDrive\Documents\m66_tracpod\m66_tracpod\firmware\libs\gcc\libapp_start.a(iic.o)
 .text.Ql_IIC_Config
                0x00000000       0x78 C:\Users\rohir\OneDrive\Documents\m66_tracpod\m66_tracpod\firmware\libs\gcc\libapp_start.a(iic.o)
 .text.Ql_IIC_Write
                0x00000000       0x78 C:\Users\rohir\OneDrive\Documents\m66_tracpod\m66_tracpod\firmware\libs\gcc\libapp_start.a(iic.o)
 .text.Ql_IIC_Read
                0x00000000       0x78 C:\Users\rohir\OneDrive\Documents\m66_tracpod\m66_tracpod\firmware\libs\gcc\libapp_start.a(iic.o)
 .text.Ql_IIC_Write_Read
                0x00000000       0x88 C:\Users\rohir\OneDrive\Documents\m66_tracpod\m66_tracpod\firmware\libs\gcc\libapp_start.a(iic.o)
 .text.Ql_IIC_Uninit
                0x00000000       0x60 C:\Users\rohir\OneDrive\Documents\m66_tracpod\m66_tracpod\firmware\libs\gcc\libapp_start.a(iic.o)
 .rodata.str1.1
                0x00000000       0x53 C:\Users\rohir\OneDrive\Documents\m66_tracpod\m66_tracpod\firmware\libs\gcc\libapp_start.a(iic.o)
 .comment       0x00000000       0x31 C:\Users\rohir\OneDrive\Documents\m66_tracpod\m66_tracpod\firmware\libs\gcc\libapp_start.a(iic.o)
 .ARM.attributes
                0x00000000       0x2b C:\Users\rohir\OneDrive\Documents\m66_tracpod\m66_tracpod\firmware\libs\gcc\libapp_start.a(iic.o)
 .text          0x00000000        0x0 C:\Users\rohir\OneDrive\Documents\m66_tracpod\m66_tracpod\firmware\libs\gcc\libapp_start.a(lib_ril_sms.o)
 .data          0x00000000        0x0 C:\Users\rohir\OneDrive\Documents\m66_tracpod\m66_tracpod\firmware\libs\gcc\libapp_start.a(lib_ril_sms.o)
 .bss           0x00000000        0x0 C:\Users\rohir\OneDrive\Documents\m66_tracpod\m66_tracpod\firmware\libs\gcc\libapp_start.a(lib_ril_sms.o)
 .text.EncodeAddress
                0x00000000      0x228 C:\Users\rohir\OneDrive\Documents\m66_tracpod\m66_tracpod\firmware\libs\gcc\libapp_start.a(lib_ril_sms.o)
 .text.DecodeUserDataHeader
                0x00000000       0xb8 C:\Users\rohir\OneDrive\Documents\m66_tracpod\m66_tracpod\firmware\libs\gcc\libapp_start.a(lib_ril_sms.o)
 .text.EncodeGSM7Bit.part.2
                0x00000000       0xd4 C:\Users\rohir\OneDrive\Documents\m66_tracpod\m66_tracpod\firmware\libs\gcc\libapp_start.a(lib_ril_sms.o)
 .text.DecodeGSM7Bit
                0x00000000      0x148 C:\Users\rohir\OneDrive\Documents\m66_tracpod\m66_tracpod\firmware\libs\gcc\libapp_start.a(lib_ril_sms.o)
 .text.DecodeAddress
                0x00000000      0x218 C:\Users\rohir\OneDrive\Documents\m66_tracpod\m66_tracpod\firmware\libs\gcc\libapp_start.a(lib_ril_sms.o)
 .text.DecordUserDataBody.part.5
                0x00000000      0x180 C:\Users\rohir\OneDrive\Documents\m66_tracpod\m66_tracpod\firmware\libs\gcc\libapp_start.a(lib_ril_sms.o)
 .text.DecodeTimeStamp.constprop.8
                0x00000000       0xfc C:\Users\rohir\OneDrive\Documents\m66_tracpod\m66_tracpod\firmware\libs\gcc\libapp_start.a(lib_ril_sms.o)
 .text.LIB_SMS_IsValidHexStr
                0x00000000       0x54 C:\Users\rohir\OneDrive\Documents\m66_tracpod\m66_tracpod\firmware\libs\gcc\libapp_start.a(lib_ril_sms.o)
 .text.LIB_SMS_ConvHexOctToHexStr
                0x00000000       0xa8 C:\Users\rohir\OneDrive\Documents\m66_tracpod\m66_tracpod\firmware\libs\gcc\libapp_start.a(lib_ril_sms.o)
 .text.LIB_SMS_ConvHexStrToHexOct
                0x00000000       0xe8 C:\Users\rohir\OneDrive\Documents\m66_tracpod\m66_tracpod\firmware\libs\gcc\libapp_start.a(lib_ril_sms.o)
 .text.LIB_SMS_DecodeDCS
                0x00000000      0x164 C:\Users\rohir\OneDrive\Documents\m66_tracpod\m66_tracpod\firmware\libs\gcc\libapp_start.a(lib_ril_sms.o)
 .text.LIB_SMS_ConvAlphaToCharSet
                0x00000000      0x43c C:\Users\rohir\OneDrive\Documents\m66_tracpod\m66_tracpod\firmware\libs\gcc\libapp_start.a(lib_ril_sms.o)
 .text.LIB_SMS_ConvCharSetToAlpha
                0x00000000      0x7b4 C:\Users\rohir\OneDrive\Documents\m66_tracpod\m66_tracpod\firmware\libs\gcc\libapp_start.a(lib_ril_sms.o)
 .text.LIB_SMS_DecodePDUStr
                0x00000000      0x500 C:\Users\rohir\OneDrive\Documents\m66_tracpod\m66_tracpod\firmware\libs\gcc\libapp_start.a(lib_ril_sms.o)
 .text.LIB_SMS_EncodeSubmitPDU
                0x00000000      0x730 C:\Users\rohir\OneDrive\Documents\m66_tracpod\m66_tracpod\firmware\libs\gcc\libapp_start.a(lib_ril_sms.o)
 .rodata        0x00000000      0x3bc C:\Users\rohir\OneDrive\Documents\m66_tracpod\m66_tracpod\firmware\libs\gcc\libapp_start.a(lib_ril_sms.o)
 .comment       0x00000000       0x31 C:\Users\rohir\OneDrive\Documents\m66_tracpod\m66_tracpod\firmware\libs\gcc\libapp_start.a(lib_ril_sms.o)
 .ARM.attributes
                0x00000000       0x2b C:\Users\rohir\OneDrive\Documents\m66_tracpod\m66_tracpod\firmware\libs\gcc\libapp_start.a(lib_ril_sms.o)
 .text          0x00000000        0x0 C:\Users\rohir\OneDrive\Documents\m66_tracpod\m66_tracpod\firmware\libs\gcc\libapp_start.a(memory.o)
 .data          0x00000000        0x0 C:\Users\rohir\OneDrive\Documents\m66_tracpod\m66_tracpod\firmware\libs\gcc\libapp_start.a(memory.o)
 .text          0x00000000        0x0 C:\Users\rohir\OneDrive\Documents\m66_tracpod\m66_tracpod\firmware\libs\gcc\libapp_start.a(ql_func.o)
 .text.Ql_StartPlayAudioStream
                0x00000000       0x7c C:\Users\rohir\OneDrive\Documents\m66_tracpod\m66_tracpod\firmware\libs\gcc\libapp_start.a(ql_func.o)
 .text.Ql_StopPlayAudioStream
                0x00000000       0x4c C:\Users\rohir\OneDrive\Documents\m66_tracpod\m66_tracpod\firmware\libs\gcc\libapp_start.a(ql_func.o)
 .text.Ql_GetRelativeTime_Counter
                0x00000000       0x40 C:\Users\rohir\OneDrive\Documents\m66_tracpod\m66_tracpod\firmware\libs\gcc\libapp_start.a(ql_func.o)
 .text.Ql_SecondToTicks
                0x00000000       0x48 C:\Users\rohir\OneDrive\Documents\m66_tracpod\m66_tracpod\firmware\libs\gcc\libapp_start.a(ql_func.o)
 .text.Ql_MillisecondToTicks
                0x00000000       0x48 C:\Users\rohir\OneDrive\Documents\m66_tracpod\m66_tracpod\firmware\libs\gcc\libapp_start.a(ql_func.o)
 .text.Ql_CalendarTime2LocalTime
                0x00000000       0x58 C:\Users\rohir\OneDrive\Documents\m66_tracpod\m66_tracpod\firmware\libs\gcc\libapp_start.a(ql_func.o)
 .text.Ql_osChangeTaskPriority
                0x00000000       0x50 C:\Users\rohir\OneDrive\Documents\m66_tracpod\m66_tracpod\firmware\libs\gcc\libapp_start.a(ql_func.o)
 .rodata.str1.1
                0x00000000       0xa3 C:\Users\rohir\OneDrive\Documents\m66_tracpod\m66_tracpod\firmware\libs\gcc\libapp_start.a(ql_func.o)
 .text          0x00000000        0x0 C:\Users\rohir\OneDrive\Documents\m66_tracpod\m66_tracpod\firmware\libs\gcc\libapp_start.a(ql_main.o)
 .data          0x00000000        0x0 C:\Users\rohir\OneDrive\Documents\m66_tracpod\m66_tracpod\firmware\libs\gcc\libapp_start.a(ql_main.o)
 .text          0x00000000        0x0 C:\Users\rohir\OneDrive\Documents\m66_tracpod\m66_tracpod\firmware\libs\gcc\libapp_start.a(ril_aux.o)
 .text          0x00000000        0x0 C:\Users\rohir\OneDrive\Documents\m66_tracpod\m66_tracpod\firmware\libs\gcc\libapp_start.a(ril_main.o)
 .text.get_ril_init_status
                0x00000000       0x10 C:\Users\rohir\OneDrive\Documents\m66_tracpod\m66_tracpod\firmware\libs\gcc\libapp_start.a(ril_main.o)
 .text          0x00000000        0x0 C:\Users\rohir\OneDrive\Documents\m66_tracpod\m66_tracpod\firmware\libs\gcc\libapp_start.a(stdlib_func.o)
 .data          0x00000000        0x0 C:\Users\rohir\OneDrive\Documents\m66_tracpod\m66_tracpod\firmware\libs\gcc\libapp_start.a(stdlib_func.o)
 .text.Ql_create_api_hash
                0x00000000       0x28 C:\Users\rohir\OneDrive\Documents\m66_tracpod\m66_tracpod\firmware\libs\gcc\libapp_start.a(stdlib_func.o)
 .text.Ql_ui64toa
                0x00000000       0xac C:\Users\rohir\OneDrive\Documents\m66_tracpod\m66_tracpod\firmware\libs\gcc\libapp_start.a(stdlib_func.o)
 .text.Ql_itoa  0x00000000       0x9c C:\Users\rohir\OneDrive\Documents\m66_tracpod\m66_tracpod\firmware\libs\gcc\libapp_start.a(stdlib_func.o)
 .text.Ql_strcat
                0x00000000       0x80 C:\Users\rohir\OneDrive\Documents\m66_tracpod\m66_tracpod\firmware\libs\gcc\libapp_start.a(stdlib_func.o)
 .text.Ql_strncat
                0x00000000       0x88 C:\Users\rohir\OneDrive\Documents\m66_tracpod\m66_tracpod\firmware\libs\gcc\libapp_start.a(stdlib_func.o)
 .text.Ql_memcmp
                0x00000000       0x70 C:\Users\rohir\OneDrive\Documents\m66_tracpod\m66_tracpod\firmware\libs\gcc\libapp_start.a(stdlib_func.o)
 .text.Ql_memmove
                0x00000000       0x88 C:\Users\rohir\OneDrive\Documents\m66_tracpod\m66_tracpod\firmware\libs\gcc\libapp_start.a(stdlib_func.o)
 .text.Ql_strchr
                0x00000000       0x80 C:\Users\rohir\OneDrive\Documents\m66_tracpod\m66_tracpod\firmware\libs\gcc\libapp_start.a(stdlib_func.o)
 .text.Ql_atoll
                0x00000000       0x8c C:\Users\rohir\OneDrive\Documents\m66_tracpod\m66_tracpod\firmware\libs\gcc\libapp_start.a(stdlib_func.o)
 .text.Ql_strdup
                0x00000000       0x78 C:\Users\rohir\OneDrive\Documents\m66_tracpod\m66_tracpod\firmware\libs\gcc\libapp_start.a(stdlib_func.o)
 .text.Ql_vsprintf
                0x00000000       0x88 C:\Users\rohir\OneDrive\Documents\m66_tracpod\m66_tracpod\firmware\libs\gcc\libapp_start.a(stdlib_func.o)
 .text.Ql_rand  0x00000000       0x70 C:\Users\rohir\OneDrive\Documents\m66_tracpod\m66_tracpod\firmware\libs\gcc\libapp_start.a(stdlib_func.o)
 .text.Ql_srand
                0x00000000       0x74 C:\Users\rohir\OneDrive\Documents\m66_tracpod\m66_tracpod\firmware\libs\gcc\libapp_start.a(stdlib_func.o)
 .text.Ql_vsnprintf
                0x00000000       0x90 C:\Users\rohir\OneDrive\Documents\m66_tracpod\m66_tracpod\firmware\libs\gcc\libapp_start.a(stdlib_func.o)
 .text.Ql_strtod
                0x00000000       0x88 C:\Users\rohir\OneDrive\Documents\m66_tracpod\m66_tracpod\firmware\libs\gcc\libapp_start.a(stdlib_func.o)
 .text.Ql_tolower
                0x00000000        0x8 C:\Users\rohir\OneDrive\Documents\m66_tracpod\m66_tracpod\firmware\libs\gcc\libapp_start.a(stdlib_func.o)
 .text.Ql_isdigit
                0x00000000       0x14 C:\Users\rohir\OneDrive\Documents\m66_tracpod\m66_tracpod\firmware\libs\gcc\libapp_start.a(stdlib_func.o)
 .text          0x00000000        0x0 C:\Users\rohir\OneDrive\Documents\m66_tracpod\m66_tracpod\firmware\libs\gcc\libapp_start.a(system.o)
 .data          0x00000000        0x0 C:\Users\rohir\OneDrive\Documents\m66_tracpod\m66_tracpod\firmware\libs\gcc\libapp_start.a(system.o)
 .bss           0x00000000       0x14 C:\Users\rohir\OneDrive\Documents\m66_tracpod\m66_tracpod\firmware\libs\gcc\libapp_start.a(system.o)
 .text.Ql_Sleep
                0x00000000       0x74 C:\Users\rohir\OneDrive\Documents\m66_tracpod\m66_tracpod\firmware\libs\gcc\libapp_start.a(system.o)
 .text.Ql_Reset
                0x00000000       0x74 C:\Users\rohir\OneDrive\Documents\m66_tracpod\m66_tracpod\firmware\libs\gcc\libapp_start.a(system.o)
 .text.Ql_GetUID
                0x00000000       0x68 C:\Users\rohir\OneDrive\Documents\m66_tracpod\m66_tracpod\firmware\libs\gcc\libapp_start.a(system.o)
 .text.Ql_GetMsSincePwrOn
                0x00000000       0x84 C:\Users\rohir\OneDrive\Documents\m66_tracpod\m66_tracpod\firmware\libs\gcc\libapp_start.a(system.o)
 .text.Ql_GetCoreVer
                0x00000000       0x6c C:\Users\rohir\OneDrive\Documents\m66_tracpod\m66_tracpod\firmware\libs\gcc\libapp_start.a(system.o)
 .text.Ql_GetSDKVer_Sub
                0x00000000       0x64 C:\Users\rohir\OneDrive\Documents\m66_tracpod\m66_tracpod\firmware\libs\gcc\libapp_start.a(system.o)
 .rodata.str1.1
                0x00000000       0x3d C:\Users\rohir\OneDrive\Documents\m66_tracpod\m66_tracpod\firmware\libs\gcc\libapp_start.a(system.o)
 .text          0x00000000        0x0 C:\Users\rohir\OneDrive\Documents\m66_tracpod\m66_tracpod\firmware\libs\gcc\libapp_start.a(taskMngt.o)
 .data          0x00000000        0x0 C:\Users\rohir\OneDrive\Documents\m66_tracpod\m66_tracpod\firmware\libs\gcc\libapp_start.a(taskMngt.o)
 .text.Ql_OS_CreateSemaphore
                0x00000000       0x5c C:\Users\rohir\OneDrive\Documents\m66_tracpod\m66_tracpod\firmware\libs\gcc\libapp_start.a(taskMngt.o)
 .text.Ql_OS_TakeSemaphore
                0x00000000       0x5c C:\Users\rohir\OneDrive\Documents\m66_tracpod\m66_tracpod\firmware\libs\gcc\libapp_start.a(taskMngt.o)
 .text.Ql_OS_GiveSemaphore
                0x00000000       0x54 C:\Users\rohir\OneDrive\Documents\m66_tracpod\m66_tracpod\firmware\libs\gcc\libapp_start.a(taskMngt.o)
 .text.Ql_OS_GetActiveTaskId
                0x00000000       0x58 C:\Users\rohir\OneDrive\Documents\m66_tracpod\m66_tracpod\firmware\libs\gcc\libapp_start.a(taskMngt.o)
 .text.Ql_SetLastErrorCode
                0x00000000       0x60 C:\Users\rohir\OneDrive\Documents\m66_tracpod\m66_tracpod\firmware\libs\gcc\libapp_start.a(taskMngt.o)
 .text.Ql_GetLastErrorCode
                0x00000000       0x58 C:\Users\rohir\OneDrive\Documents\m66_tracpod\m66_tracpod\firmware\libs\gcc\libapp_start.a(taskMngt.o)
 .text.Ql_OS_GetCurrentTaskPriority
                0x00000000       0x4c C:\Users\rohir\OneDrive\Documents\m66_tracpod\m66_tracpod\firmware\libs\gcc\libapp_start.a(taskMngt.o)
 .text.Ql_OS_GetCurrenTaskLeftStackSize
                0x00000000       0x4c C:\Users\rohir\OneDrive\Documents\m66_tracpod\m66_tracpod\firmware\libs\gcc\libapp_start.a(taskMngt.o)
 .text.Ql_GetExceptionRecords
                0x00000000       0x64 C:\Users\rohir\OneDrive\Documents\m66_tracpod\m66_tracpod\firmware\libs\gcc\libapp_start.a(taskMngt.o)
 .text          0x00000000        0x0 C:\Users\rohir\OneDrive\Documents\m66_tracpod\m66_tracpod\firmware\libs\gcc\libapp_start.a(timer.o)
 .data          0x00000000        0x0 C:\Users\rohir\OneDrive\Documents\m66_tracpod\m66_tracpod\firmware\libs\gcc\libapp_start.a(timer.o)
 .text.Ql_Timer_RegisterFast
                0x00000000       0x70 C:\Users\rohir\OneDrive\Documents\m66_tracpod\m66_tracpod\firmware\libs\gcc\libapp_start.a(timer.o)
 .text          0x00000000        0x0 C:\Users\rohir\OneDrive\Documents\m66_tracpod\m66_tracpod\firmware\libs\gcc\libapp_start.a(uart.o)
 .data          0x00000000        0x0 C:\Users\rohir\OneDrive\Documents\m66_tracpod\m66_tracpod\firmware\libs\gcc\libapp_start.a(uart.o)
 .text.Ql_UART_OpenEx
                0x00000000       0x68 C:\Users\rohir\OneDrive\Documents\m66_tracpod\m66_tracpod\firmware\libs\gcc\libapp_start.a(uart.o)
 .text.Ql_UART_RX_Enable
                0x00000000       0x5c C:\Users\rohir\OneDrive\Documents\m66_tracpod\m66_tracpod\firmware\libs\gcc\libapp_start.a(uart.o)
 .text.Ql_UART_RX_Disable
                0x00000000       0x5c C:\Users\rohir\OneDrive\Documents\m66_tracpod\m66_tracpod\firmware\libs\gcc\libapp_start.a(uart.o)
 .text.Ql_UART_SetDCBConfig
                0x00000000       0x68 C:\Users\rohir\OneDrive\Documents\m66_tracpod\m66_tracpod\firmware\libs\gcc\libapp_start.a(uart.o)
 .text.Ql_UART_GetDCBConfig
                0x00000000       0x68 C:\Users\rohir\OneDrive\Documents\m66_tracpod\m66_tracpod\firmware\libs\gcc\libapp_start.a(uart.o)
 .text.Ql_UART_ClrRxBuffer
                0x00000000       0x54 C:\Users\rohir\OneDrive\Documents\m66_tracpod\m66_tracpod\firmware\libs\gcc\libapp_start.a(uart.o)
 .text.Ql_UART_ClrTxBuffer
                0x00000000       0x54 C:\Users\rohir\OneDrive\Documents\m66_tracpod\m66_tracpod\firmware\libs\gcc\libapp_start.a(uart.o)
 .text.Ql_UART_GetOption
                0x00000000       0x70 C:\Users\rohir\OneDrive\Documents\m66_tracpod\m66_tracpod\firmware\libs\gcc\libapp_start.a(uart.o)
 .text.Ql_UART_SetOption
                0x00000000       0x70 C:\Users\rohir\OneDrive\Documents\m66_tracpod\m66_tracpod\firmware\libs\gcc\libapp_start.a(uart.o)
 .text.Ql_UART_SetPinStatus
                0x00000000       0x70 C:\Users\rohir\OneDrive\Documents\m66_tracpod\m66_tracpod\firmware\libs\gcc\libapp_start.a(uart.o)
 .text.Ql_UART_Close
                0x00000000       0x54 C:\Users\rohir\OneDrive\Documents\m66_tracpod\m66_tracpod\firmware\libs\gcc\libapp_start.a(uart.o)
 .data          0x00000000        0x0 C:\Users\rohir\OneDrive\Documents\m66_tracpod\m66_tracpod\firmware\libs\gcc\libapp_start.a(ocpu_init.o)
 .bss           0x00000000        0x0 C:\Users\rohir\OneDrive\Documents\m66_tracpod\m66_tracpod\firmware\libs\gcc\libapp_start.a(ocpu_init.o)
 .data          0x00000000        0x0 C:\Users\rohir\OneDrive\Documents\m66_tracpod\gcc\arm-none-eabi\lib\thumb\libc.a(lib_a-memcpy.o)
 .bss           0x00000000        0x0 C:\Users\rohir\OneDrive\Documents\m66_tracpod\gcc\arm-none-eabi\lib\thumb\libc.a(lib_a-memcpy.o)
 .data          0x00000000        0x0 C:\Users\rohir\OneDrive\Documents\m66_tracpod\gcc\arm-none-eabi\lib\thumb\libc.a(lib_a-memset.o)
 .bss           0x00000000        0x0 C:\Users\rohir\OneDrive\Documents\m66_tracpod\gcc\arm-none-eabi\lib\thumb\libc.a(lib_a-memset.o)
 .text          0x00000000      0x11c C:\Users\rohir\OneDrive\Documents\m66_tracpod\gcc\lib\gcc\arm-none-eabi\4.7.2\thumb\libgcc.a(_udivsi3.o)
 .data          0x00000000        0x0 C:\Users\rohir\OneDrive\Documents\m66_tracpod\gcc\lib\gcc\arm-none-eabi\4.7.2\thumb\libgcc.a(_udivsi3.o)
 .bss           0x00000000        0x0 C:\Users\rohir\OneDrive\Documents\m66_tracpod\gcc\lib\gcc\arm-none-eabi\4.7.2\thumb\libgcc.a(_udivsi3.o)
 .debug_frame   0x00000000       0x20 C:\Users\rohir\OneDrive\Documents\m66_tracpod\gcc\lib\gcc\arm-none-eabi\4.7.2\thumb\libgcc.a(_udivsi3.o)
 .ARM.attributes
                0x00000000       0x18 C:\Users\rohir\OneDrive\Documents\m66_tracpod\gcc\lib\gcc\arm-none-eabi\4.7.2\thumb\libgcc.a(_udivsi3.o)
 .text          0x00000000      0x150 C:\Users\rohir\OneDrive\Documents\m66_tracpod\gcc\lib\gcc\arm-none-eabi\4.7.2\thumb\libgcc.a(_divsi3.o)
 .data          0x00000000        0x0 C:\Users\rohir\OneDrive\Documents\m66_tracpod\gcc\lib\gcc\arm-none-eabi\4.7.2\thumb\libgcc.a(_divsi3.o)
 .bss           0x00000000        0x0 C:\Users\rohir\OneDrive\Documents\m66_tracpod\gcc\lib\gcc\arm-none-eabi\4.7.2\thumb\libgcc.a(_divsi3.o)
 .debug_frame   0x00000000       0x20 C:\Users\rohir\OneDrive\Documents\m66_tracpod\gcc\lib\gcc\arm-none-eabi\4.7.2\thumb\libgcc.a(_divsi3.o)
 .ARM.attributes
                0x00000000       0x18 C:\Users\rohir\OneDrive\Documents\m66_tracpod\gcc\lib\gcc\arm-none-eabi\4.7.2\thumb\libgcc.a(_divsi3.o)
 .text          0x00000000        0x4 C:\Users\rohir\OneDrive\Documents\m66_tracpod\gcc\lib\gcc\arm-none-eabi\4.7.2\thumb\libgcc.a(_dvmd_tls.o)
 .data          0x00000000        0x0 C:\Users\rohir\OneDrive\Documents\m66_tracpod\gcc\lib\gcc\arm-none-eabi\4.7.2\thumb\libgcc.a(_dvmd_tls.o)
 .bss           0x00000000        0x0 C:\Users\rohir\OneDrive\Documents\m66_tracpod\gcc\lib\gcc\arm-none-eabi\4.7.2\thumb\libgcc.a(_dvmd_tls.o)
 .ARM.attributes
                0x00000000       0x16 C:\Users\rohir\OneDrive\Documents\m66_tracpod\gcc\lib\gcc\arm-none-eabi\4.7.2\thumb\libgcc.a(_dvmd_tls.o)
 .data          0x00000000        0x0 C:\Users\rohir\OneDrive\Documents\m66_tracpod\gcc\lib\gcc\arm-none-eabi\4.7.2\thumb\libgcc.a(_arm_fixdfsi.o)
 .bss           0x00000000        0x0 C:\Users\rohir\OneDrive\Documents\m66_tracpod\gcc\lib\gcc\arm-none-eabi\4.7.2\thumb\libgcc.a(_arm_fixdfsi.o)
 .data          0x00000000        0x0 C:\Users\rohir\OneDrive\Documents\m66_tracpod\gcc\lib\gcc\arm-none-eabi\4.7.2\thumb\libgcc.a(_arm_truncdfsf2.o)
 .bss           0x00000000        0x0 C:\Users\rohir\OneDrive\Documents\m66_tracpod\gcc\lib\gcc\arm-none-eabi\4.7.2\thumb\libgcc.a(_arm_truncdfsf2.o)

Memory Configuration

Name             Origin             Length             Attributes
ROM              0x102c7040         0x0005a000         xr
RAM              0xf03d2000         0x00019000         xrw
*default*        0x00000000         0xffffffff

Linker script and memory map

LOAD ./ril/src/ril_alarm.o
LOAD ./ril/src/ril_atResponse.o
LOAD ./ril/src/ril_audio.o
LOAD ./ril/src/ril_bluetooth.o
LOAD ./ril/src/ril_custom.o
LOAD ./ril/src/ril_dtmf.o
LOAD ./ril/src/ril_ftp.o
LOAD ./ril/src/ril_http.o
LOAD ./ril/src/ril_init.o
LOAD ./ril/src/ril_location.o
LOAD ./ril/src/ril_location2.o
LOAD ./ril/src/ril_network.o
LOAD ./ril/src/ril_ntp.o
LOAD ./ril/src/ril_sim.o
LOAD ./ril/src/ril_sms.o
LOAD ./ril/src/ril_system.o
LOAD ./ril/src/ril_telephony.o
LOAD ./ril/src/ril_urc.o
LOAD ./ril/src/ril_util.o
LOAD ./example/Example_gps_iic.o
LOAD ./example/example_adc.o
LOAD ./example/example_alarm.o
LOAD ./example/example_audio.o
LOAD ./example/example_bluetooth.o
LOAD ./example/example_call.o
LOAD ./example/example_clk.o
LOAD ./example/example_csd.o
LOAD ./example/example_download_epo.o
LOAD ./example/example_dtmf.o
LOAD ./example/example_eint.o
LOAD ./example/example_file.o
LOAD ./example/example_float_math.o
LOAD ./example/example_fota_ftp.o
LOAD ./example/example_fota_http.o
LOAD ./example/example_ftp.o
LOAD ./example/example_gpio.o
LOAD ./example/example_http.o
LOAD ./example/example_iic.o
LOAD ./example/example_location.o
LOAD ./example/example_location2.o
LOAD ./example/example_memory.o
LOAD ./example/example_multitask.o
LOAD ./example/example_multitask_port.o
LOAD ./example/example_pwm.o
LOAD ./example/example_sms.o
LOAD ./example/example_spi.o
LOAD ./example/example_system.o
LOAD ./example/example_tcp_demo.o
LOAD ./example/example_tcpclient.o
LOAD ./example/example_tcpserver.o
LOAD ./example/example_time.o
LOAD ./example/example_timer.o
LOAD ./example/example_transpass.o
LOAD ./example/example_udpclient.o
LOAD ./example/example_udpserver.o
LOAD ./example/example_watchdog.o
LOAD ./example/nema_pro.o
LOAD ./example/utility.o
LOAD ./custom/fota/src/fota_ftp.o
LOAD ./custom/fota/src/fota_http.o
LOAD ./custom/fota/src/fota_http_code.o
LOAD ./custom/fota/src/fota_main.o
LOAD ./custom/config/custom_sys_cfg.o
LOAD ./custom/config/sys_config.o
LOAD ./custom/main.o
LOAD ./.metadata/.plugins/org.eclipse.cdt.make.core/specs.o
LOAD C:\Users\rohir\OneDrive\Documents\m66_tracpod\m66_tracpod\firmware\libs\gcc\libapp_start.a
LOAD C:\Users\rohir\OneDrive\Documents\m66_tracpod\gcc\arm-none-eabi\lib\thumb\libm.a
LOAD C:\Users\rohir\OneDrive\Documents\m66_tracpod\gcc\arm-none-eabi\lib\thumb\libc.a
LOAD C:\Users\rohir\OneDrive\Documents\m66_tracpod\gcc\arm-none-eabi\lib\thumb\libcs3.a
LOAD C:\Users\rohir\OneDrive\Documents\m66_tracpod\gcc\lib\gcc\arm-none-eabi\4.7.2\thumb\libgcc.a
START GROUP
LOAD C:\Users\rohir\OneDrive\Documents\m66_tracpod\gcc\lib\gcc\arm-none-eabi\4.7.2\thumb\libgcc.a
LOAD C:\Users\rohir\OneDrive\Documents\m66_tracpod\gcc\arm-none-eabi\lib\thumb\libc.a
END GROUP
                0x102c7040                . = 0x102c7040

.initdata       0x102c7040       0x2c
 *(.initdata)
 .initdata      0x102c7040       0x2c C:\Users\rohir\OneDrive\Documents\m66_tracpod\m66_tracpod\firmware\libs\gcc\libapp_start.a(ql_main.o)
                0x102c7040                GADLENTRY

text            0x102c706c     0x5c18
 *(.text)
 .text          0x102c706c       0xfc ./ril/src/ril_atResponse.o
                0x102c706c                Ql_RIL_AT_GetErrCode
                0x102c707c                Ql_RIL_AT_SetErrCode
                0x102c7090                Default_atRsp_callback
 .text          0x102c7168     0x3080 ./ril/src/ril_bluetooth.o
                0x102c7cf4                BT_DevMngmt_GetDeviceId
                0x102c7d3c                BT_DevMngmt_GetPairedId
                0x102c7d84                BT_DevMngmt_GetConnId
                0x102c7dcc                BT_DevMngmt_GetProfileId
                0x102c7e14                BT_DevMngmt_GetDevName
                0x102c7e5c                BT_DevMngmt_GetDevAddr
                0x102c7ea4                RIL_BT_Switch
                0x102c7f2c                RIL_BT_GetPwrState
                0x102c7f9c                RIL_BT_SetName
                0x102c8038                RIL_BT_GetName
                0x102c8174                RIL_BT_GetLocalAddr
                0x102c826c                RIL_BT_SetVisble
                0x102c8320                OnURCHandler_BTVisible
                0x102c8414                RIL_BT_GetVisble
                0x102c8488                OnURCHandler_BTScan
                0x102c874c                RIL_BT_GetDevListInfo
                0x102c87c4                RIL_BT_GetDevListPointer
                0x102c87d0                RIL_BT_StopScan
                0x102c8828                RIL_BT_QueryState
                0x102c888c                RIL_BT_StartScan
                0x102c894c                RIL_BT_Initialize
                0x102c8980                RIL_BT_PairReq
                0x102c8a28                OnURCHandler_BTPair
                0x102c8c34                RIL_BT_PairConfirm
                0x102c8ce8                OnURCHandler_BTPairCnf
                0x102c8f24                RIL_BT_Unpair
                0x102c9088                RIL_BT_GetSupportedProfile
                0x102c91c4                RIL_BT_ConnReq
                0x102c928c                OnURCHandler_BTConn
                0x102c9520                RIL_BT_SPP_DirectConn
                0x102c95a8                RIL_BT_ConnAccept
                0x102c9630                OnURCHandler_BTConnCnf
                0x102c9984                RIL_BT_Disconnect
                0x102c9a34                OnURCHandler_BTDisconn
                0x102c9c5c                RIL_BT_SPP_Send
                0x102c9d34                RIL_BT_SPP_Read
                0x102c9e10                OnURCHandler_BTIndication
 .text          0x102ca1e8       0x20 ./ril/src/ril_custom.o
                0x102ca1e8                Ql_RIL_RcvDataFrmCore
 .text          0x102ca208      0x5b8 ./ril/src/ril_dtmf.o
                0x102ca304                RIL_ToneDet_Open
                0x102ca388                RIL_ToneDet_Close
                0x102ca400                RIL_ToneDet_Set
                0x102ca4ac                RIL_ToneDet_Get
                0x102ca56c                OnURCHandler_QToneDet
                0x102ca660                RIL_WDTMF_Send
                0x102ca71c                OnURCHandler_QWDTMF
 .text          0x102ca7c0       0x10 ./ril/src/ril_init.o
                0x102ca7c0                RIL_GetInitCmdCnt
                0x102ca7c8                RIL_GetLimitedCmdCnt
 .text          0x102ca7d0      0x534 ./ril/src/ril_location.o
                0x102ca900                RIL_GetLocation
                0x102ca9d4                RIL_GetLocation_Ex
                0x102caabc                RIL_GetLocationByCell
                0x102cabac                OnURCHandler_QCELLLocation
 .text          0x102cad04      0x10c ./ril/src/ril_ntp.o
                0x102cad04                OnURCHandler_NTPCMD
                0x102cad70                RIL_NTP_START
 .text          0x102cae10      0x5a4 ./ril/src/ril_sim.o
                0x102caf70                RIL_SIM_GetSimStateByName
                0x102cb258                RIL_SIM_GetSimState
                0x102cb2cc                RIL_SIM_GetIMSI
                0x102cb340                RIL_SIM_GetCCID
 .text          0x102cb3b4      0xbe0 ./ril/src/ril_urc.o
                0x102cbe44                OnURCHandler
                0x102cbf14                Ql_RIL_IsURCStr
 .text          0x102cbf94      0x4a0 ./ril/src/ril_util.o
                0x102cbf94                Ql_StrPrefixMatch
                0x102cbfe4                Ql_StrToUpper
                0x102cc040                Ql_HexStrToInt
                0x102cc0d4                Ql_RIL_FindString
                0x102cc160                Ql_RIL_FindLine
                0x102cc3e0                Ql_GenHash
 .text          0x102cc434      0x560 ./custom/main.o
                0x102cc680                proc_main_task
 .text          0x102cc994       0x4c C:\Users\rohir\OneDrive\Documents\m66_tracpod\m66_tracpod\firmware\libs\gcc\libapp_start.a(ocpu_init.o)
                0x102cc994                _OCPU_InitUserMem
 .text          0x102cc9e0      0x10c C:\Users\rohir\OneDrive\Documents\m66_tracpod\gcc\arm-none-eabi\lib\thumb\libc.a(lib_a-memcpy.o)
                0x102cc9e0                memcpy
 .text          0x102ccaec       0x9c C:\Users\rohir\OneDrive\Documents\m66_tracpod\gcc\arm-none-eabi\lib\thumb\libc.a(lib_a-memset.o)
                0x102ccaec                memset
 .text          0x102ccb88       0x5c C:\Users\rohir\OneDrive\Documents\m66_tracpod\gcc\lib\gcc\arm-none-eabi\4.7.2\thumb\libgcc.a(_arm_fixdfsi.o)
                0x102ccb88                __aeabi_d2iz
                0x102ccb88                __fixdfsi
 .text          0x102ccbe4       0xa0 C:\Users\rohir\OneDrive\Documents\m66_tracpod\gcc\lib\gcc\arm-none-eabi\4.7.2\thumb\libgcc.a(_arm_truncdfsf2.o)
                0x102ccbe4                __truncdfsf2
                0x102ccbe4                __aeabi_d2f

.glue_7         0x102ccc84        0x0
 .glue_7        0x00000000        0x0 linker stubs

.glue_7t        0x102ccc84        0x0
 .glue_7t       0x00000000        0x0 linker stubs

.vfp11_veneer   0x102ccc84        0x0
 .vfp11_veneer  0x00000000        0x0 linker stubs

.v4_bx          0x102ccc84        0x0
 .v4_bx         0x00000000        0x0 linker stubs

.iplt           0x102ccc84        0x0
 .iplt          0x00000000        0x0 ./ril/src/ril_alarm.o

.text.Ql_MEM_Alloc
                0x102ccc84       0x78
 .text.Ql_MEM_Alloc
                0x102ccc84       0x78 C:\Users\rohir\OneDrive\Documents\m66_tracpod\m66_tracpod\firmware\libs\gcc\libapp_start.a(memory.o)
                0x102ccc84                Ql_MEM_Alloc

.text.Ql_MEM_Free
                0x102cccfc       0x74
 .text.Ql_MEM_Free
                0x102cccfc       0x74 C:\Users\rohir\OneDrive\Documents\m66_tracpod\m66_tracpod\firmware\libs\gcc\libapp_start.a(memory.o)
                0x102cccfc                Ql_MEM_Free

.text.ql_InitVFunc
                0x102ccd70       0xd8
 .text.ql_InitVFunc
                0x102ccd70       0xd8 C:\Users\rohir\OneDrive\Documents\m66_tracpod\m66_tracpod\firmware\libs\gcc\libapp_start.a(ql_main.o)
                0x102ccd70                ql_InitVFunc

.text.ocpu_main
                0x102cce48       0xf0
 .text.ocpu_main
                0x102cce48       0xf0 C:\Users\rohir\OneDrive\Documents\m66_tracpod\m66_tracpod\firmware\libs\gcc\libapp_start.a(ql_main.o)
                0x102cce48                ocpu_main

.text.proc_reserved2
                0x102ccf38       0x70
 .text.proc_reserved2
                0x102ccf38       0x70 C:\Users\rohir\OneDrive\Documents\m66_tracpod\m66_tracpod\firmware\libs\gcc\libapp_start.a(ril_aux.o)
                0x102ccf38                proc_reserved2

.text.ril_StopATTimer
                0x102ccfa8       0x34
 .text.ril_StopATTimer
                0x102ccfa8       0x34 C:\Users\rohir\OneDrive\Documents\m66_tracpod\m66_tracpod\firmware\libs\gcc\libapp_start.a(ril_main.o)

.text.Callback_OnATTimer
                0x102ccfdc       0x4c
 .text.Callback_OnATTimer
                0x102ccfdc       0x4c C:\Users\rohir\OneDrive\Documents\m66_tracpod\m66_tracpod\firmware\libs\gcc\libapp_start.a(ril_main.o)

.text.CallBack_SerialPort_Hdlr
                0x102cd028      0x384
 .text.CallBack_SerialPort_Hdlr
                0x102cd028      0x384 C:\Users\rohir\OneDrive\Documents\m66_tracpod\m66_tracpod\firmware\libs\gcc\libapp_start.a(ril_main.o)

.text.proc_reserved1
                0x102cd3ac      0x200
 .text.proc_reserved1
                0x102cd3ac      0x200 C:\Users\rohir\OneDrive\Documents\m66_tracpod\m66_tracpod\firmware\libs\gcc\libapp_start.a(ril_main.o)
                0x102cd3ac                proc_reserved1

.text.Ql_RIL_Initialize
                0x102cd5ac       0xd4
 .text.Ql_RIL_Initialize
                0x102cd5ac       0xd4 C:\Users\rohir\OneDrive\Documents\m66_tracpod\m66_tracpod\firmware\libs\gcc\libapp_start.a(ril_main.o)
                0x102cd5ac                Ql_RIL_Initialize

.text.Ql_RIL_SendATCmd
                0x102cd680      0x260
 .text.Ql_RIL_SendATCmd
                0x102cd680      0x260 C:\Users\rohir\OneDrive\Documents\m66_tracpod\m66_tracpod\firmware\libs\gcc\libapp_start.a(ril_main.o)
                0x102cd680                Ql_RIL_SendATCmd

.text.Ql_RIL_WriteDataToCore
                0x102cd8e0       0x24
 .text.Ql_RIL_WriteDataToCore
                0x102cd8e0       0x24 C:\Users\rohir\OneDrive\Documents\m66_tracpod\m66_tracpod\firmware\libs\gcc\libapp_start.a(ril_main.o)
                0x102cd8e0                Ql_RIL_WriteDataToCore

.text.Ql_atof   0x102cd904       0x98
 .text.Ql_atof  0x102cd904       0x98 C:\Users\rohir\OneDrive\Documents\m66_tracpod\m66_tracpod\firmware\libs\gcc\libapp_start.a(stdlib_func.o)
                0x102cd904                Ql_atof

.text.Ql_strcpy
                0x102cd99c       0xa0
 .text.Ql_strcpy
                0x102cd99c       0xa0 C:\Users\rohir\OneDrive\Documents\m66_tracpod\m66_tracpod\firmware\libs\gcc\libapp_start.a(stdlib_func.o)
                0x102cd99c                Ql_strcpy

.text.Ql_strncpy
                0x102cda3c       0x88
 .text.Ql_strncpy
                0x102cda3c       0x88 C:\Users\rohir\OneDrive\Documents\m66_tracpod\m66_tracpod\firmware\libs\gcc\libapp_start.a(stdlib_func.o)
                0x102cda3c                Ql_strncpy

.text.Ql_strlen
                0x102cdac4       0x78
 .text.Ql_strlen
                0x102cdac4       0x78 C:\Users\rohir\OneDrive\Documents\m66_tracpod\m66_tracpod\firmware\libs\gcc\libapp_start.a(stdlib_func.o)
                0x102cdac4                Ql_strlen

.text.Ql_strcmp
                0x102cdb3c       0x68
 .text.Ql_strcmp
                0x102cdb3c       0x68 C:\Users\rohir\OneDrive\Documents\m66_tracpod\m66_tracpod\firmware\libs\gcc\libapp_start.a(stdlib_func.o)
                0x102cdb3c                Ql_strcmp

.text.Ql_strncmp
                0x102cdba4       0x70
 .text.Ql_strncmp
                0x102cdba4       0x70 C:\Users\rohir\OneDrive\Documents\m66_tracpod\m66_tracpod\firmware\libs\gcc\libapp_start.a(stdlib_func.o)
                0x102cdba4                Ql_strncmp

.text.Ql_memset
                0x102cdc14       0x88
 .text.Ql_memset
                0x102cdc14       0x88 C:\Users\rohir\OneDrive\Documents\m66_tracpod\m66_tracpod\firmware\libs\gcc\libapp_start.a(stdlib_func.o)
                0x102cdc14                Ql_memset

.text.Ql_memcpy
                0x102cdc9c       0x88
 .text.Ql_memcpy
                0x102cdc9c       0x88 C:\Users\rohir\OneDrive\Documents\m66_tracpod\m66_tracpod\firmware\libs\gcc\libapp_start.a(stdlib_func.o)
                0x102cdc9c                Ql_memcpy

.text.Ql_strstr
                0x102cdd24       0x80
 .text.Ql_strstr
                0x102cdd24       0x80 C:\Users\rohir\OneDrive\Documents\m66_tracpod\m66_tracpod\firmware\libs\gcc\libapp_start.a(stdlib_func.o)
                0x102cdd24                Ql_strstr

.text.Ql_toupper
                0x102cdda4        0x8
 .text.Ql_toupper
                0x102cdda4        0x8 C:\Users\rohir\OneDrive\Documents\m66_tracpod\m66_tracpod\firmware\libs\gcc\libapp_start.a(stdlib_func.o)
                0x102cdda4                Ql_toupper

.text.Ql_atoi   0x102cddac       0x84
 .text.Ql_atoi  0x102cddac       0x84 C:\Users\rohir\OneDrive\Documents\m66_tracpod\m66_tracpod\firmware\libs\gcc\libapp_start.a(stdlib_func.o)
                0x102cddac                Ql_atoi

.text.Ql_GetSDKVer
                0x102cde30       0x64
 .text.Ql_GetSDKVer
                0x102cde30       0x64 C:\Users\rohir\OneDrive\Documents\m66_tracpod\m66_tracpod\firmware\libs\gcc\libapp_start.a(system.o)
                0x102cde30                Ql_GetSDKVer

.text.Ql_OS_GetMessage
                0x102cde94       0x60
 .text.Ql_OS_GetMessage
                0x102cde94       0x60 C:\Users\rohir\OneDrive\Documents\m66_tracpod\m66_tracpod\firmware\libs\gcc\libapp_start.a(taskMngt.o)
                0x102cde94                Ql_OS_GetMessage

.text.Ql_OS_SendMessage
                0x102cdef4       0x78
 .text.Ql_OS_SendMessage
                0x102cdef4       0x78 C:\Users\rohir\OneDrive\Documents\m66_tracpod\m66_tracpod\firmware\libs\gcc\libapp_start.a(taskMngt.o)
                0x102cdef4                Ql_OS_SendMessage

.text.Ql_OS_CreateMutex
                0x102cdf6c       0x54
 .text.Ql_OS_CreateMutex
                0x102cdf6c       0x54 C:\Users\rohir\OneDrive\Documents\m66_tracpod\m66_tracpod\firmware\libs\gcc\libapp_start.a(taskMngt.o)
                0x102cdf6c                Ql_OS_CreateMutex

.text.Ql_OS_TakeMutex
                0x102cdfc0       0x54
 .text.Ql_OS_TakeMutex
                0x102cdfc0       0x54 C:\Users\rohir\OneDrive\Documents\m66_tracpod\m66_tracpod\firmware\libs\gcc\libapp_start.a(taskMngt.o)
                0x102cdfc0                Ql_OS_TakeMutex

.text.Ql_OS_GiveMutex
                0x102ce014       0x54
 .text.Ql_OS_GiveMutex
                0x102ce014       0x54 C:\Users\rohir\OneDrive\Documents\m66_tracpod\m66_tracpod\firmware\libs\gcc\libapp_start.a(taskMngt.o)
                0x102ce014                Ql_OS_GiveMutex

.text.Ql_OS_CreateEvent
                0x102ce068       0x54
 .text.Ql_OS_CreateEvent
                0x102ce068       0x54 C:\Users\rohir\OneDrive\Documents\m66_tracpod\m66_tracpod\firmware\libs\gcc\libapp_start.a(taskMngt.o)
                0x102ce068                Ql_OS_CreateEvent

.text.Ql_OS_WaitEvent
                0x102ce0bc       0x68
 .text.Ql_OS_WaitEvent
                0x102ce0bc       0x68 C:\Users\rohir\OneDrive\Documents\m66_tracpod\m66_tracpod\firmware\libs\gcc\libapp_start.a(taskMngt.o)
                0x102ce0bc                Ql_OS_WaitEvent

.text.Ql_OS_SetEvent
                0x102ce124       0x68
 .text.Ql_OS_SetEvent
                0x102ce124       0x68 C:\Users\rohir\OneDrive\Documents\m66_tracpod\m66_tracpod\firmware\libs\gcc\libapp_start.a(taskMngt.o)
                0x102ce124                Ql_OS_SetEvent

.text.Ql_Timer_Register
                0x102ce18c       0x70
 .text.Ql_Timer_Register
                0x102ce18c       0x70 C:\Users\rohir\OneDrive\Documents\m66_tracpod\m66_tracpod\firmware\libs\gcc\libapp_start.a(timer.o)
                0x102ce18c                Ql_Timer_Register

.text.Ql_Timer_Start
                0x102ce1fc       0x70
 .text.Ql_Timer_Start
                0x102ce1fc       0x70 C:\Users\rohir\OneDrive\Documents\m66_tracpod\m66_tracpod\firmware\libs\gcc\libapp_start.a(timer.o)
                0x102ce1fc                Ql_Timer_Start

.text.Ql_Timer_Stop
                0x102ce26c       0x60
 .text.Ql_Timer_Stop
                0x102ce26c       0x60 C:\Users\rohir\OneDrive\Documents\m66_tracpod\m66_tracpod\firmware\libs\gcc\libapp_start.a(timer.o)
                0x102ce26c                Ql_Timer_Stop

.text.Ql_UART_Register
                0x102ce2cc       0x70
 .text.Ql_UART_Register
                0x102ce2cc       0x70 C:\Users\rohir\OneDrive\Documents\m66_tracpod\m66_tracpod\firmware\libs\gcc\libapp_start.a(uart.o)
                0x102ce2cc                Ql_UART_Register

.text.Ql_UART_Open
                0x102ce33c       0x70
 .text.Ql_UART_Open
                0x102ce33c       0x70 C:\Users\rohir\OneDrive\Documents\m66_tracpod\m66_tracpod\firmware\libs\gcc\libapp_start.a(uart.o)
                0x102ce33c                Ql_UART_Open

.text.Ql_UART_Write
                0x102ce3ac       0x70
 .text.Ql_UART_Write
                0x102ce3ac       0x70 C:\Users\rohir\OneDrive\Documents\m66_tracpod\m66_tracpod\firmware\libs\gcc\libapp_start.a(uart.o)
                0x102ce3ac                Ql_UART_Write

.text.Ql_UART_Read
                0x102ce41c       0x70
 .text.Ql_UART_Read
                0x102ce41c       0x70 C:\Users\rohir\OneDrive\Documents\m66_tracpod\m66_tracpod\firmware\libs\gcc\libapp_start.a(uart.o)
                0x102ce41c                Ql_UART_Read

.text.Ql_UART_GetPinStatus
                0x102ce48c       0x68
 .text.Ql_UART_GetPinStatus
                0x102ce48c       0x68 C:\Users\rohir\OneDrive\Documents\m66_tracpod\m66_tracpod\firmware\libs\gcc\libapp_start.a(uart.o)
                0x102ce48c                Ql_UART_GetPinStatus

.text.Ql_UART_SendEscap
                0x102ce4f4       0x60
 .text.Ql_UART_SendEscap
                0x102ce4f4       0x60 C:\Users\rohir\OneDrive\Documents\m66_tracpod\m66_tracpod\firmware\libs\gcc\libapp_start.a(uart.o)
                0x102ce4f4                Ql_UART_SendEscap

.rodata         0x102ce554      0xb09
 *(.rodata)
 .rodata        0x102ce554      0x11c ./ril/src/ril_bluetooth.o
 .rodata        0x102ce670       0x1c ./ril/src/ril_dtmf.o
 .rodata        0x102ce68c       0x10 ./ril/src/ril_location.o
 .rodata        0x102ce69c        0xc ./ril/src/ril_ntp.o
 .rodata        0x102ce6a8       0x48 ./ril/src/ril_sim.o
 .rodata        0x102ce6f0      0x888 ./ril/src/ril_urc.o
 .rodata        0x102cef78       0x5c ./custom/config/custom_sys_cfg.o
                0x102cef7c                SystemCfg
 .rodata        0x102cefd4       0x54 ./custom/config/sys_config.o
                0x102cefd4                GpioConfigTbl
                0x102cefd8                TaskConfig
 .rodata        0x102cf028       0x16 C:\Users\rohir\OneDrive\Documents\m66_tracpod\m66_tracpod\firmware\libs\gcc\libapp_start.a(ql_main.o)
 .rodata        0x102cf03e        0x4 C:\Users\rohir\OneDrive\Documents\m66_tracpod\m66_tracpod\firmware\libs\gcc\libapp_start.a(ril_main.o)
 .rodata        0x102cf042       0x1b C:\Users\rohir\OneDrive\Documents\m66_tracpod\m66_tracpod\firmware\libs\gcc\libapp_start.a(system.o)

.rodata.str1.4  0x102cf060      0xb70
 .rodata.str1.4
                0x102cf060       0x34 ./ril/src/ril_atResponse.o
 .rodata.str1.4
                0x102cf094      0x518 ./ril/src/ril_bluetooth.o
                                0x544 (size before relaxing)
 .rodata.str1.4
                0x102cf5ac       0xc3 ./ril/src/ril_dtmf.o
                                 0xdc (size before relaxing)
 *fill*         0x102cf66f        0x1 
 .rodata.str1.4
                0x102cf670       0x57 ./ril/src/ril_init.o
                                 0x58 (size before relaxing)
 *fill*         0x102cf6c7        0x1 
 .rodata.str1.4
                0x102cf6c8       0x92 ./ril/src/ril_location.o
                                 0xdc (size before relaxing)
 *fill*         0x102cf75a        0x2 
 .rodata.str1.4
                0x102cf75c       0x12 ./ril/src/ril_ntp.o
                                 0x14 (size before relaxing)
 *fill*         0x102cf76e        0x2 
 .rodata.str1.4
                0x102cf770       0xa4 ./ril/src/ril_sim.o
                                 0xc8 (size before relaxing)
 .rodata.str1.4
                0x102cf814      0x18c ./ril/src/ril_urc.o
                                0x194 (size before relaxing)
 .rodata.str1.4
                0x102cf9a0       0x1d ./ril/src/ril_util.o
                                 0x20 (size before relaxing)
 *fill*         0x102cf9bd        0x3 
 .rodata.str1.4
                0x102cf9c0      0x210 ./custom/main.o
                                0x238 (size before relaxing)

.rodata.str1.1  0x102cfbd0      0x419
 .rodata.str1.1
                0x102cfbd0       0x19 C:\Users\rohir\OneDrive\Documents\m66_tracpod\m66_tracpod\firmware\libs\gcc\libapp_start.a(memory.o)
 .rodata.str1.1
                0x102cfbe9       0x56 C:\Users\rohir\OneDrive\Documents\m66_tracpod\m66_tracpod\firmware\libs\gcc\libapp_start.a(ql_main.o)
 .rodata.str1.1
                0x102cfc3f       0x1e C:\Users\rohir\OneDrive\Documents\m66_tracpod\m66_tracpod\firmware\libs\gcc\libapp_start.a(ril_main.o)
                                 0x25 (size before relaxing)
 .rodata.str1.1
                0x102cfc5d       0xe8 C:\Users\rohir\OneDrive\Documents\m66_tracpod\m66_tracpod\firmware\libs\gcc\libapp_start.a(stdlib_func.o)
 .rodata.str1.1
                0x102cfd45      0x157 C:\Users\rohir\OneDrive\Documents\m66_tracpod\m66_tracpod\firmware\libs\gcc\libapp_start.a(taskMngt.o)
 .rodata.str1.1
                0x102cfe9c       0x45 C:\Users\rohir\OneDrive\Documents\m66_tracpod\m66_tracpod\firmware\libs\gcc\libapp_start.a(timer.o)
 .rodata.str1.1
                0x102cfee1      0x108 C:\Users\rohir\OneDrive\Documents\m66_tracpod\m66_tracpod\firmware\libs\gcc\libapp_start.a(uart.o)

.rel.dyn        0x102cffec        0x0
 .rel.iplt      0x00000000        0x0 ./ril/src/ril_alarm.o

.data           0xf03d2000       0x50 load address 0x102cfff0
                0x102cfff0                PROVIDE (__data_load, LOADADDR (.data))
                0xf03d2000                PROVIDE (__data_start, .)
 *(.data)
 .data          0xf03d2000        0x1 ./ril/src/ril_bluetooth.o
 *fill*         0xf03d2001        0x3 
 .data          0xf03d2004       0x20 ./ril/src/ril_init.o
                0xf03d2004                g_LimitedCmds
                0xf03d200c                g_InitCmds
 .data          0xf03d2024       0x18 C:\Users\rohir\OneDrive\Documents\m66_tracpod\m66_tracpod\firmware\libs\gcc\libapp_start.a(ql_func.o)
                0xf03d2024                api_notsup
 .data          0xf03d203c        0x4 C:\Users\rohir\OneDrive\Documents\m66_tracpod\m66_tracpod\firmware\libs\gcc\libapp_start.a(ril_aux.o)
                0xf03d203c                g_ril_auxTaskId
 .data          0xf03d2040       0x10 C:\Users\rohir\OneDrive\Documents\m66_tracpod\m66_tracpod\firmware\libs\gcc\libapp_start.a(ril_main.o)
                0xf03d2050                . = ALIGN (0x8)
                0xf03d2050                PROVIDE (_edata, .)

.igot.plt       0xf03d2050        0x0 load address 0x102d0040
 .igot.plt      0x00000000        0x0 ./ril/src/ril_alarm.o

.bss            0xf03d2050     0x1974 load address 0x102d0040
                0xf03d2050                PROVIDE (__bss_start__, .)
 *(.bss)
 .bss           0xf03d2050        0x4 ./ril/src/ril_atResponse.o
 .bss           0xf03d2054        0x4 ./ril/src/ril_audio.o
                0xf03d2054                cb_aud_play
 .bss           0xf03d2058       0x98 ./ril/src/ril_bluetooth.o
 .bss           0xf03d20f0        0x4 ./ril/src/ril_custom.o
                0xf03d20f0                cb_rcvCoreData
 .bss           0xf03d20f4       0x10 ./ril/src/ril_dtmf.o
 .bss           0xf03d2104       0x18 ./ril/src/ril_http.o
                0xf03d2108                http_url_addr
                0xf03d210c                http_url_addr_len
                0xf03d2110                http_post_msg
                0xf03d2114                http_post_msg_len
                0xf03d2118                callback_http_dwnld
 .bss           0xf03d211c        0x4 ./ril/src/ril_location.o
 .bss           0xf03d2120        0x4 ./ril/src/ril_ntp.o
 .bss           0xf03d2124        0x8 ./ril/src/ril_urc.o
                0xf03d2124                FtpGet_IND_CB
                0xf03d2128                FtpPut_IND_CB
 .bss           0xf03d212c      0xa00 ./custom/main.o
 .bss           0xf03d2b2c        0x8 C:\Users\rohir\OneDrive\Documents\m66_tracpod\m66_tracpod\firmware\libs\gcc\libapp_start.a(memory.o)
 .bss           0xf03d2b34       0x24 C:\Users\rohir\OneDrive\Documents\m66_tracpod\m66_tracpod\firmware\libs\gcc\libapp_start.a(ql_func.o)
                0xf03d2b34                m_StartPlayAudioStream
                0xf03d2b38                m_get_api_ptr
                0xf03d2b3c                m_StopPlayAudioStream
                0xf03d2b40                m_GetRelativeTime_Counter
                0xf03d2b44                m_SecondToTicks
                0xf03d2b48                m_MillisecondToTicks
                0xf03d2b4c                m_CalendarTime2LocalTime
                0xf03d2b50                m_osChangeTaskPriority
                0xf03d2b54                m_create_api_hash
 .bss           0xf03d2b58       0x10 C:\Users\rohir\OneDrive\Documents\m66_tracpod\m66_tracpod\firmware\libs\gcc\libapp_start.a(ql_main.o)
                0xf03d2b5c                runinfo
 .bss           0xf03d2b68        0x1 C:\Users\rohir\OneDrive\Documents\m66_tracpod\m66_tracpod\firmware\libs\gcc\libapp_start.a(ril_aux.o)
                0xf03d2b68                g_ril_auxTaskReady
 *fill*         0xf03d2b69        0x3 
 .bss           0xf03d2b6c      0xc34 C:\Users\rohir\OneDrive\Documents\m66_tracpod\m66_tracpod\firmware\libs\gcc\libapp_start.a(ril_main.o)
 .bss           0xf03d37a0       0x5c C:\Users\rohir\OneDrive\Documents\m66_tracpod\m66_tracpod\firmware\libs\gcc\libapp_start.a(stdlib_func.o)
 .bss           0xf03d37fc       0x44 C:\Users\rohir\OneDrive\Documents\m66_tracpod\m66_tracpod\firmware\libs\gcc\libapp_start.a(taskMngt.o)
 .bss           0xf03d3840       0x10 C:\Users\rohir\OneDrive\Documents\m66_tracpod\m66_tracpod\firmware\libs\gcc\libapp_start.a(timer.o)
 .bss           0xf03d3850       0x3c C:\Users\rohir\OneDrive\Documents\m66_tracpod\m66_tracpod\firmware\libs\gcc\libapp_start.a(uart.o)
                0xf03d3890                . = ALIGN (0x8)
 *fill*         0xf03d388c        0x4 
                0xf03d3890                PROVIDE (__bss_end__, .)
 COMMON         0xf03d3890      0x124 ./ril/src/ril_telephony.o
                0xf03d3890                g_comingCall
 COMMON         0xf03d39b4       0x10 C:\Users\rohir\OneDrive\Documents\m66_tracpod\m66_tracpod\firmware\libs\gcc\libapp_start.a(ql_main.o)
                0xf03d39b4                Ql_snprintf
                0xf03d39b8                Ql_sprintf
                0xf03d39bc                Ql_Debug_Trace
                0xf03d39c0                Ql_sscanf
OUTPUT(APPGS3MDM32A01.elf elf32-littlearm)

.comment        0x00000000       0x30
 .comment       0x00000000       0x30 ./ril/src/ril_atResponse.o
                                 0x31 (size before relaxing)
 .comment       0x00000000       0x31 ./ril/src/ril_audio.o
 .comment       0x00000000       0x31 ./ril/src/ril_bluetooth.o
 .comment       0x00000000       0x31 ./ril/src/ril_custom.o
 .comment       0x00000000       0x31 ./ril/src/ril_dtmf.o
 .comment       0x00000000       0x31 ./ril/src/ril_http.o
 .comment       0x00000000       0x31 ./ril/src/ril_init.o
 .comment       0x00000000       0x31 ./ril/src/ril_location.o
 .comment       0x00000000       0x31 ./ril/src/ril_ntp.o
 .comment       0x00000000       0x31 ./ril/src/ril_sim.o
 .comment       0x00000000       0x31 ./ril/src/ril_telephony.o
 .comment       0x00000000       0x31 ./ril/src/ril_urc.o
 .comment       0x00000000       0x31 ./ril/src/ril_util.o
 .comment       0x00000000       0x31 ./custom/config/custom_sys_cfg.o
 .comment       0x00000000       0x31 ./custom/config/sys_config.o
 .comment       0x00000000       0x31 ./custom/main.o
 .comment       0x00000000       0x31 C:\Users\rohir\OneDrive\Documents\m66_tracpod\m66_tracpod\firmware\libs\gcc\libapp_start.a(memory.o)
 .comment       0x00000000       0x31 C:\Users\rohir\OneDrive\Documents\m66_tracpod\m66_tracpod\firmware\libs\gcc\libapp_start.a(ql_func.o)
 .comment       0x00000000       0x31 C:\Users\rohir\OneDrive\Documents\m66_tracpod\m66_tracpod\firmware\libs\gcc\libapp_start.a(ql_main.o)
 .comment       0x00000000       0x31 C:\Users\rohir\OneDrive\Documents\m66_tracpod\m66_tracpod\firmware\libs\gcc\libapp_start.a(ril_aux.o)
 .comment       0x00000000       0x31 C:\Users\rohir\OneDrive\Documents\m66_tracpod\m66_tracpod\firmware\libs\gcc\libapp_start.a(ril_main.o)
 .comment       0x00000000       0x31 C:\Users\rohir\OneDrive\Documents\m66_tracpod\m66_tracpod\firmware\libs\gcc\libapp_start.a(stdlib_func.o)
 .comment       0x00000000       0x31 C:\Users\rohir\OneDrive\Documents\m66_tracpod\m66_tracpod\firmware\libs\gcc\libapp_start.a(system.o)
 .comment       0x00000000       0x31 C:\Users\rohir\OneDrive\Documents\m66_tracpod\m66_tracpod\firmware\libs\gcc\libapp_start.a(taskMngt.o)
 .comment       0x00000000       0x31 C:\Users\rohir\OneDrive\Documents\m66_tracpod\m66_tracpod\firmware\libs\gcc\libapp_start.a(timer.o)
 .comment       0x00000000       0x31 C:\Users\rohir\OneDrive\Documents\m66_tracpod\m66_tracpod\firmware\libs\gcc\libapp_start.a(uart.o)

.ARM.attributes
                0x00000000       0x2b
 .ARM.attributes
                0x00000000       0x2b ./ril/src/ril_atResponse.o
 .ARM.attributes
                0x0000002b       0x2b ./ril/src/ril_audio.o
 .ARM.attributes
                0x00000056       0x2b ./ril/src/ril_bluetooth.o
 .ARM.attributes
                0x00000081       0x2b ./ril/src/ril_custom.o
 .ARM.attributes
                0x000000ac       0x2b ./ril/src/ril_dtmf.o
 .ARM.attributes
                0x000000d7       0x2b ./ril/src/ril_http.o
 .ARM.attributes
                0x00000102       0x2b ./ril/src/ril_init.o
 .ARM.attributes
                0x0000012d       0x2b ./ril/src/ril_location.o
 .ARM.attributes
                0x00000158       0x2b ./ril/src/ril_ntp.o
 .ARM.attributes
                0x00000183       0x2b ./ril/src/ril_sim.o
 .ARM.attributes
                0x000001ae       0x2b ./ril/src/ril_telephony.o
 .ARM.attributes
                0x000001d9       0x2b ./ril/src/ril_urc.o
 .ARM.attributes
                0x00000204       0x2b ./ril/src/ril_util.o
 .ARM.attributes
                0x0000022f       0x2b ./custom/config/custom_sys_cfg.o
 .ARM.attributes
                0x0000025a       0x2b ./custom/config/sys_config.o
 .ARM.attributes
                0x00000285       0x2b ./custom/main.o
 .ARM.attributes
                0x000002b0       0x2b C:\Users\rohir\OneDrive\Documents\m66_tracpod\m66_tracpod\firmware\libs\gcc\libapp_start.a(memory.o)
 .ARM.attributes
                0x000002db       0x2b C:\Users\rohir\OneDrive\Documents\m66_tracpod\m66_tracpod\firmware\libs\gcc\libapp_start.a(ql_func.o)
 .ARM.attributes
                0x00000306       0x2b C:\Users\rohir\OneDrive\Documents\m66_tracpod\m66_tracpod\firmware\libs\gcc\libapp_start.a(ql_main.o)
 .ARM.attributes
                0x00000331       0x2b C:\Users\rohir\OneDrive\Documents\m66_tracpod\m66_tracpod\firmware\libs\gcc\libapp_start.a(ril_aux.o)
 .ARM.attributes
                0x0000035c       0x2b C:\Users\rohir\OneDrive\Documents\m66_tracpod\m66_tracpod\firmware\libs\gcc\libapp_start.a(ril_main.o)
 .ARM.attributes
                0x00000387       0x2b C:\Users\rohir\OneDrive\Documents\m66_tracpod\m66_tracpod\firmware\libs\gcc\libapp_start.a(stdlib_func.o)
 .ARM.attributes
                0x000003b2       0x2b C:\Users\rohir\OneDrive\Documents\m66_tracpod\m66_tracpod\firmware\libs\gcc\libapp_start.a(system.o)
 .ARM.attributes
                0x000003dd       0x2b C:\Users\rohir\OneDrive\Documents\m66_tracpod\m66_tracpod\firmware\libs\gcc\libapp_start.a(taskMngt.o)
 .ARM.attributes
                0x00000408       0x2b C:\Users\rohir\OneDrive\Documents\m66_tracpod\m66_tracpod\firmware\libs\gcc\libapp_start.a(timer.o)
 .ARM.attributes
                0x00000433       0x2b C:\Users\rohir\OneDrive\Documents\m66_tracpod\m66_tracpod\firmware\libs\gcc\libapp_start.a(uart.o)
 .ARM.attributes
                0x0000045e       0x1d C:\Users\rohir\OneDrive\Documents\m66_tracpod\m66_tracpod\firmware\libs\gcc\libapp_start.a(ocpu_init.o)
 .ARM.attributes
                0x0000047b       0x30 C:\Users\rohir\OneDrive\Documents\m66_tracpod\gcc\arm-none-eabi\lib\thumb\libc.a(lib_a-memcpy.o)
 .ARM.attributes
                0x000004ab       0x30 C:\Users\rohir\OneDrive\Documents\m66_tracpod\gcc\arm-none-eabi\lib\thumb\libc.a(lib_a-memset.o)
 .ARM.attributes
                0x000004db       0x18 C:\Users\rohir\OneDrive\Documents\m66_tracpod\gcc\lib\gcc\arm-none-eabi\4.7.2\thumb\libgcc.a(_arm_fixdfsi.o)
 .ARM.attributes
                0x000004f3       0x18 C:\Users\rohir\OneDrive\Documents\m66_tracpod\gcc\lib\gcc\arm-none-eabi\4.7.2\thumb\libgcc.a(_arm_truncdfsf2.o)

.debug_frame    0x00000000       0x64
 .debug_frame   0x00000000       0x38 C:\Users\rohir\OneDrive\Documents\m66_tracpod\gcc\arm-none-eabi\lib\thumb\libc.a(lib_a-memcpy.o)
 .debug_frame   0x00000038       0x2c C:\Users\rohir\OneDrive\Documents\m66_tracpod\gcc\arm-none-eabi\lib\thumb\libc.a(lib_a-memset.o)
